Archive member included because of file (symbol)

d:/program files (x86)/freescale/toolchain/bin/../lib/gcc/arm-none-eabi/4.8.4/../../../../arm-none-eabi/lib/armv6-m\libm.a(lib_a-s_modf.o)
                              ./utilities/fsl_debug_console.o (modf)
d:/program files (x86)/freescale/toolchain/bin/../lib/gcc/arm-none-eabi/4.8.4/../../../../arm-none-eabi/lib/armv6-m\libm.a(lib_a-w_pow.o)
                              ./utilities/fsl_debug_console.o (pow)
d:/program files (x86)/freescale/toolchain/bin/../lib/gcc/arm-none-eabi/4.8.4/../../../../arm-none-eabi/lib/armv6-m\libm.a(lib_a-e_pow.o)
                              d:/program files (x86)/freescale/toolchain/bin/../lib/gcc/arm-none-eabi/4.8.4/../../../../arm-none-eabi/lib/armv6-m\libm.a(lib_a-w_pow.o) (__ieee754_pow)
d:/program files (x86)/freescale/toolchain/bin/../lib/gcc/arm-none-eabi/4.8.4/../../../../arm-none-eabi/lib/armv6-m\libm.a(lib_a-e_sqrt.o)
                              d:/program files (x86)/freescale/toolchain/bin/../lib/gcc/arm-none-eabi/4.8.4/../../../../arm-none-eabi/lib/armv6-m\libm.a(lib_a-e_pow.o) (__ieee754_sqrt)
d:/program files (x86)/freescale/toolchain/bin/../lib/gcc/arm-none-eabi/4.8.4/../../../../arm-none-eabi/lib/armv6-m\libm.a(lib_a-s_fabs.o)
                              d:/program files (x86)/freescale/toolchain/bin/../lib/gcc/arm-none-eabi/4.8.4/../../../../arm-none-eabi/lib/armv6-m\libm.a(lib_a-e_pow.o) (fabs)
d:/program files (x86)/freescale/toolchain/bin/../lib/gcc/arm-none-eabi/4.8.4/../../../../arm-none-eabi/lib/armv6-m\libm.a(lib_a-s_finite.o)
                              d:/program files (x86)/freescale/toolchain/bin/../lib/gcc/arm-none-eabi/4.8.4/../../../../arm-none-eabi/lib/armv6-m\libm.a(lib_a-w_pow.o) (finite)
d:/program files (x86)/freescale/toolchain/bin/../lib/gcc/arm-none-eabi/4.8.4/../../../../arm-none-eabi/lib/armv6-m\libm.a(lib_a-s_fpclassify.o)
                              d:/program files (x86)/freescale/toolchain/bin/../lib/gcc/arm-none-eabi/4.8.4/../../../../arm-none-eabi/lib/armv6-m\libm.a(lib_a-w_pow.o) (__fpclassifyd)
d:/program files (x86)/freescale/toolchain/bin/../lib/gcc/arm-none-eabi/4.8.4/../../../../arm-none-eabi/lib/armv6-m\libm.a(lib_a-s_lib_ver.o)
                              d:/program files (x86)/freescale/toolchain/bin/../lib/gcc/arm-none-eabi/4.8.4/../../../../arm-none-eabi/lib/armv6-m\libm.a(lib_a-w_pow.o) (__fdlib_version)
d:/program files (x86)/freescale/toolchain/bin/../lib/gcc/arm-none-eabi/4.8.4/../../../../arm-none-eabi/lib/armv6-m\libm.a(lib_a-s_matherr.o)
                              d:/program files (x86)/freescale/toolchain/bin/../lib/gcc/arm-none-eabi/4.8.4/../../../../arm-none-eabi/lib/armv6-m\libm.a(lib_a-w_pow.o) (matherr)
d:/program files (x86)/freescale/toolchain/bin/../lib/gcc/arm-none-eabi/4.8.4/../../../../arm-none-eabi/lib/armv6-m\libm.a(lib_a-s_nan.o)
                              d:/program files (x86)/freescale/toolchain/bin/../lib/gcc/arm-none-eabi/4.8.4/../../../../arm-none-eabi/lib/armv6-m\libm.a(lib_a-e_pow.o) (nan)
d:/program files (x86)/freescale/toolchain/bin/../lib/gcc/arm-none-eabi/4.8.4/../../../../arm-none-eabi/lib/armv6-m\libm.a(lib_a-s_rint.o)
                              d:/program files (x86)/freescale/toolchain/bin/../lib/gcc/arm-none-eabi/4.8.4/../../../../arm-none-eabi/lib/armv6-m\libm.a(lib_a-w_pow.o) (rint)
d:/program files (x86)/freescale/toolchain/bin/../lib/gcc/arm-none-eabi/4.8.4/../../../../arm-none-eabi/lib/armv6-m\libm.a(lib_a-s_scalbn.o)
                              d:/program files (x86)/freescale/toolchain/bin/../lib/gcc/arm-none-eabi/4.8.4/../../../../arm-none-eabi/lib/armv6-m\libm.a(lib_a-e_pow.o) (scalbn)
d:/program files (x86)/freescale/toolchain/bin/../lib/gcc/arm-none-eabi/4.8.4/../../../../arm-none-eabi/lib/armv6-m\libm.a(lib_a-s_copysign.o)
                              d:/program files (x86)/freescale/toolchain/bin/../lib/gcc/arm-none-eabi/4.8.4/../../../../arm-none-eabi/lib/armv6-m\libm.a(lib_a-s_scalbn.o) (copysign)
d:/program files (x86)/freescale/toolchain/bin/../lib/gcc/arm-none-eabi/4.8.4/armv6-m\libgcc.a(_udivsi3.o)
                              ./startup/system_MKL43Z4.o (__aeabi_uidiv)
d:/program files (x86)/freescale/toolchain/bin/../lib/gcc/arm-none-eabi/4.8.4/armv6-m\libgcc.a(_divsi3.o)
                              ./utilities/fsl_debug_console.o (__aeabi_idiv)
d:/program files (x86)/freescale/toolchain/bin/../lib/gcc/arm-none-eabi/4.8.4/armv6-m\libgcc.a(_dvmd_tls.o)
                              d:/program files (x86)/freescale/toolchain/bin/../lib/gcc/arm-none-eabi/4.8.4/armv6-m\libgcc.a(_udivsi3.o) (__aeabi_idiv0)
d:/program files (x86)/freescale/toolchain/bin/../lib/gcc/arm-none-eabi/4.8.4/armv6-m\libgcc.a(_arm_cmpdf2.o)
                              ./utilities/fsl_debug_console.o (__aeabi_dcmpeq)
d:/program files (x86)/freescale/toolchain/bin/../lib/gcc/arm-none-eabi/4.8.4/armv6-m\libgcc.a(_arm_cmpsf2.o)
                              ./source/main.o (__aeabi_fcmpeq)
[...]
Memory Configuration

Name             Origin             Length             Attributes
m_interrupts     0x00000000         0x00000200         xr
m_flash_config   0x00000400         0x00000010         xr
m_text           0x00000410         0x0003fbf0         xr
m_data           0x1fffe000         0x00008000         rw
*default*        0x00000000         0xffffffff

Linker script and memory map

LOAD d:/program files (x86)/freescale/toolchain/bin/../lib/gcc/arm-none-eabi/4.8.4/armv6-m/crti.o
LOAD d:/program files (x86)/freescale/toolchain/bin/../lib/gcc/arm-none-eabi/4.8.4/armv6-m/crtbegin.o
LOAD d:/program files (x86)/freescale/toolchain/bin/../lib/gcc/arm-none-eabi/4.8.4/../../../../arm-none-eabi/lib/armv6-m/crt0.o
LOAD ./utilities/fsl_debug_console.o
LOAD ./utilities/fsl_notifier.o
LOAD ./utilities/fsl_sbrk.o
LOAD ./startup/startup_MKL43Z4.o
LOAD ./startup/system_MKL43Z4.o
LOAD ./source/sf/sf.o
LOAD ./source/sf/sf_setup.o
LOAD ./source/aml/wait_aml/wait_aml.o
LOAD ./source/aml/spi_aml/spi_aml.o
LOAD ./source/main.o
LOAD ./source/sf_cmd.o
LOAD ./drivers/fsl_adc16.o
LOAD ./drivers/fsl_clock.o
LOAD ./drivers/fsl_cmp.o
LOAD ./drivers/fsl_common.o
LOAD ./drivers/fsl_cop.o
LOAD ./drivers/fsl_dac.o
LOAD ./drivers/fsl_dma.o
LOAD ./drivers/fsl_dmamux.o
LOAD ./drivers/fsl_flash.o
LOAD ./drivers/fsl_flexio.o
LOAD ./drivers/fsl_flexio_i2c_master.o
LOAD ./drivers/fsl_flexio_i2s.o
LOAD ./drivers/fsl_flexio_i2s_dma.o
LOAD ./drivers/fsl_flexio_spi.o
LOAD ./drivers/fsl_flexio_spi_dma.o
LOAD ./drivers/fsl_flexio_uart.o
LOAD ./drivers/fsl_flexio_uart_dma.o
LOAD ./drivers/fsl_gpio.o
LOAD ./drivers/fsl_i2c.o
LOAD ./drivers/fsl_i2c_dma.o
LOAD ./drivers/fsl_llwu.o
LOAD ./drivers/fsl_lptmr.o
LOAD ./drivers/fsl_lpuart.o
LOAD ./drivers/fsl_lpuart_dma.o
LOAD ./drivers/fsl_pit.o
LOAD ./drivers/fsl_pmc.o
LOAD ./drivers/fsl_rcm.o
LOAD ./drivers/fsl_rtc.o
LOAD ./drivers/fsl_sai.o
LOAD ./drivers/fsl_sai_dma.o
LOAD ./drivers/fsl_sim.o
LOAD ./drivers/fsl_slcd.o
LOAD ./drivers/fsl_smc.o
LOAD ./drivers/fsl_spi.o
LOAD ./drivers/fsl_spi_dma.o
LOAD ./drivers/fsl_tpm.o
LOAD ./drivers/fsl_uart.o
LOAD ./drivers/fsl_uart_dma.o
LOAD ./drivers/fsl_vref.o
LOAD ./board/board.o
LOAD ./board/clock_config.o
LOAD ./board/pin_mux.o
LOAD d:/program files (x86)/freescale/toolchain/bin/../lib/gcc/arm-none-eabi/4.8.4/../../../../arm-none-eabi/lib/armv6-m\libstdc++_s.a
LOAD d:/program files (x86)/freescale/toolchain/bin/../lib/gcc/arm-none-eabi/4.8.4/../../../../arm-none-eabi/lib/armv6-m\libm.a
START GROUP
LOAD d:/program files (x86)/freescale/toolchain/bin/../lib/gcc/arm-none-eabi/4.8.4/armv6-m\libgcc.a
LOAD d:/program files (x86)/freescale/toolchain/bin/../lib/gcc/arm-none-eabi/4.8.4/../../../../arm-none-eabi/lib/armv6-m\libg_s.a
LOAD d:/program files (x86)/freescale/toolchain/bin/../lib/gcc/arm-none-eabi/4.8.4/../../../../arm-none-eabi/lib/armv6-m\libc_s.a
END GROUP
START GROUP
LOAD d:/program files (x86)/freescale/toolchain/bin/../lib/gcc/arm-none-eabi/4.8.4/armv6-m\libgcc.a
LOAD d:/program files (x86)/freescale/toolchain/bin/../lib/gcc/arm-none-eabi/4.8.4/../../../../arm-none-eabi/lib/armv6-m\libc_s.a
LOAD d:/program files (x86)/freescale/toolchain/bin/../lib/gcc/arm-none-eabi/4.8.4/../../../../arm-none-eabi/lib/armv6-m\libnosys.a
END GROUP
START GROUP
LOAD d:/program files (x86)/freescale/toolchain/bin/../lib/gcc/arm-none-eabi/4.8.4/armv6-m\libgcc.a
LOAD d:/program files (x86)/freescale/toolchain/bin/../lib/gcc/arm-none-eabi/4.8.4/../../../../arm-none-eabi/lib/armv6-m\libc_s.a
LOAD d:/program files (x86)/freescale/toolchain/bin/../lib/gcc/arm-none-eabi/4.8.4/../../../../arm-none-eabi/lib/armv6-m\libnosys.a
END GROUP
LOAD d:/program files (x86)/freescale/toolchain/bin/../lib/gcc/arm-none-eabi/4.8.4/armv6-m/crtend.o
LOAD d:/program files (x86)/freescale/toolchain/bin/../lib/gcc/arm-none-eabi/4.8.4/armv6-m/crtn.o
                0x00000400                HEAP_SIZE = DEFINED (__heap_size__)?__heap_size__:0x400
                0x00000400                STACK_SIZE = DEFINED (__stack_size__)?__stack_size__:0x400
                0x00000000                M_VECTOR_RAM_SIZE = DEFINED (__ram_vector_table__)?0x200:0x0

.interrupts     0x00000000       0xc0
                0x00000000                __VECTOR_TABLE = .
                0x00000000                . = ALIGN (0x4)
 *(.isr_vector)
 .isr_vector    0x00000000       0xc0 ./startup/startup_MKL43Z4.o
                0x00000000                __isr_vector
                0x000000c0                . = ALIGN (0x4)

.flash_config   0x00000400       0x10
                0x00000400                . = ALIGN (0x4)
 *(.FlashConfig)
 .FlashConfig   0x00000400       0x10 ./startup/startup_MKL43Z4.o
                0x00000410                . = ALIGN (0x4)

.text           0x00000410     0xdab8
                0x00000410                . = ALIGN (0x4)
 *(.text)
 .text          0x00000410       0x60 d:/program files (x86)/freescale/toolchain/bin/../lib/gcc/arm-none-eabi/4.8.4/armv6-m/crtbegin.o
 .text          0x00000470       0x78 d:/program files (x86)/freescale/toolchain/bin/../lib/gcc/arm-none-eabi/4.8.4/../../../../arm-none-eabi/lib/armv6-m/crt0.o
                0x00000470                _start
                0x00000470                _mainCRTStartup
 .text          0x000004e8       0xd0 ./startup/startup_MKL43Z4.o
                0x000004e8                Reset_Handler
                0x00000528                PMC_IRQHandler
                0x00000528                TPM1_IRQHandler
                0x00000528                PIT_IRQHandler
                0x00000528                PORTCD_IRQHandler
                0x00000528                CMP0_IRQHandler
                0x00000528                LPTMR0_IRQHandler
                0x00000528                TPM0_IRQHandler
                0x00000528                FTFA_IRQHandler
                0x00000528                LLWU_IRQHandler
                0x00000528                Reserved42_IRQHandler
                0x00000528                ADC0_IRQHandler
                0x00000528                PORTA_IRQHandler
                0x00000528                DefaultISR
                0x00000528                TPM2_IRQHandler
                0x00000528                Reserved43_IRQHandler
                0x00000528                RTC_IRQHandler
                0x00000528                RTC_Seconds_IRQHandler
                0x00000528                LCD_IRQHandler
                0x00000528                USB0_IRQHandler
                0x00000528                Reserved20_IRQHandler
                0x00000528                DAC0_IRQHandler
                0x0000052c                NMI_Handler
                0x00000530                HardFault_Handler
                0x00000534                SVC_Handler
                0x00000538                PendSV_Handler
                0x0000053c                SysTick_Handler
                0x00000540                DMA0_IRQHandler
                0x00000544                DMA1_IRQHandler
                0x00000548                DMA2_IRQHandler
                0x0000054c                DMA3_IRQHandler
                0x00000550                I2C0_IRQHandler
                0x00000554                I2C1_IRQHandler
                0x00000558                SPI0_IRQHandler
                0x0000055c                SPI1_IRQHandler
                0x00000560                LPUART0_IRQHandler
                0x00000564                LPUART1_IRQHandler
                0x00000568                UART2_FLEXIO_IRQHandler
                0x0000056c                I2S0_IRQHandler
 .text          0x000005b8       0x9c d:/program files (x86)/freescale/toolchain/bin/../lib/gcc/arm-none-eabi/4.8.4/armv6-m\libgcc.a(_udivsi3.o)
                0x000005b8                __aeabi_uidiv
                0x000005b8                __udivsi3
                0x00000640                __aeabi_uidivmod
 .text          0x00000654       0xc0 d:/program files (x86)/freescale/toolchain/bin/../lib/gcc/arm-none-eabi/4.8.4/armv6-m\libgcc.a(_divsi3.o)
                0x00000654                __divsi3
                0x00000654                __aeabi_idiv
                0x00000700                __aeabi_idivmod
 .text          0x00000714        0x4 d:/program files (x86)/freescale/toolchain/bin/../lib/gcc/arm-none-eabi/4.8.4/armv6-m\libgcc.a(_dvmd_tls.o)
                0x00000714                __aeabi_idiv0
                0x00000714                __aeabi_ldiv0
 .text          0x00000718       0x7c d:/program files (x86)/freescale/toolchain/bin/../lib/gcc/arm-none-eabi/4.8.4/armv6-m\libgcc.a(_arm_cmpdf2.o)
                0x00000718                __aeabi_cdrcmple
                0x00000728                __aeabi_cdcmple
                0x00000728                __aeabi_cdcmpeq
                0x00000738                __aeabi_dcmpeq
                0x00000744                __aeabi_dcmplt
                0x00000758                __aeabi_dcmple
                0x0000076c                __aeabi_dcmpgt
                0x00000780                __aeabi_dcmpge
 .text          0x00000794       0x74 d:/program files (x86)/freescale/toolchain/bin/../lib/gcc/arm-none-eabi/4.8.4/armv6-m\libgcc.a(_arm_cmpsf2.o)
                0x00000794                __aeabi_cfrcmple
                0x0000079c                __aeabi_cfcmpeq
                0x0000079c                __aeabi_cfcmple
                0x000007ac                __aeabi_fcmpeq
                0x000007b8                __aeabi_fcmplt
                0x000007cc                __aeabi_fcmple
                0x000007e0                __aeabi_fcmpgt
                0x000007f4                __aeabi_fcmpge
 .text          0x00000808       0x48 d:/program files (x86)/freescale/toolchain/bin/../lib/gcc/arm-none-eabi/4.8.4/armv6-m\libgcc.a(_aeabi_ldivmod.o)
                0x00000808                __aeabi_ldivmod
 .text          0x00000850       0x40 d:/program files (x86)/freescale/toolchain/bin/../lib/gcc/arm-none-eabi/4.8.4/armv6-m\libgcc.a(_aeabi_uldivmod.o)
                0x00000850                __aeabi_uldivmod
 .text          0x00000890       0x44 d:/program files (x86)/freescale/toolchain/bin/../lib/gcc/arm-none-eabi/4.8.4/armv6-m\libgcc.a(_muldi3.o)
                0x00000890                __muldi3
                0x00000890                __aeabi_lmul
 *fill*         0x000008d4        0x4 
 .text          0x000008d8       0x40 d:/program files (x86)/freescale/toolchain/bin/../lib/gcc/arm-none-eabi/4.8.4/armv6-m\libgcc.a(_fixdfdi.o)
                0x000008d8                __fixdfdi
                0x000008d8                __aeabi_d2lz
 .text          0x00000918       0x48 d:/program files (x86)/freescale/toolchain/bin/../lib/gcc/arm-none-eabi/4.8.4/armv6-m\libgcc.a(_fixunsdfdi.o)
                0x00000918                __fixunsdfdi
                0x00000918                __aeabi_d2ulz
 .text          0x00000960       0x30 d:/program files (x86)/freescale/toolchain/bin/../lib/gcc/arm-none-eabi/4.8.4/armv6-m\libgcc.a(_floatdidf.o)
                0x00000960                __aeabi_l2d
                0x00000960                __floatdidf
 .text          0x00000990       0x6c d:/program files (x86)/freescale/toolchain/bin/../lib/gcc/arm-none-eabi/4.8.4/armv6-m\libgcc.a(bpabi.o)
                0x00000990                __gnu_ldivmod_helper
                0x000009c8                __gnu_uldivmod_helper
 .text          0x000009fc      0x2d8 d:/program files (x86)/freescale/toolchain/bin/../lib/gcc/arm-none-eabi/4.8.4/armv6-m\libgcc.a(addsf3.o)
                0x000009fc                __aeabi_fadd
 .text          0x00000cd4       0x54 d:/program files (x86)/freescale/toolchain/bin/../lib/gcc/arm-none-eabi/4.8.4/armv6-m\libgcc.a(eqsf2.o)
                0x00000cd4                __eqsf2
                0x00000cd4                __nesf2
 .text          0x00000d28       0x90 d:/program files (x86)/freescale/toolchain/bin/../lib/gcc/arm-none-eabi/4.8.4/armv6-m\libgcc.a(gesf2.o)
                0x00000d28                __gesf2
                0x00000d28                __gtsf2
 .text          0x00000db8       0x98 d:/program files (x86)/freescale/toolchain/bin/../lib/gcc/arm-none-eabi/4.8.4/armv6-m\libgcc.a(lesf2.o)
                0x00000db8                __ltsf2
                0x00000db8                __lesf2
 .text          0x00000e50      0x644 d:/program files (x86)/freescale/toolchain/bin/../lib/gcc/arm-none-eabi/4.8.4/armv6-m\libgcc.a(adddf3.o)
                0x00000e50                __aeabi_dadd
 .text          0x00001494      0x648 d:/program files (x86)/freescale/toolchain/bin/../lib/gcc/arm-none-eabi/4.8.4/armv6-m\libgcc.a(divdf3.o)
                0x00001494                __aeabi_ddiv
 .text          0x00001adc       0x94 d:/program files (x86)/freescale/toolchain/bin/../lib/gcc/arm-none-eabi/4.8.4/armv6-m\libgcc.a(eqdf2.o)
                0x00001adc                __nedf2
                0x00001adc                __eqdf2
 .text          0x00001b70       0xfc d:/program files (x86)/freescale/toolchain/bin/../lib/gcc/arm-none-eabi/4.8.4/armv6-m\libgcc.a(gedf2.o)
                0x00001b70                __gedf2
                0x00001b70                __gtdf2
 .text          0x00001c6c       0xfc d:/program files (x86)/freescale/toolchain/bin/../lib/gcc/arm-none-eabi/4.8.4/armv6-m\libgcc.a(ledf2.o)
                0x00001c6c                __ledf2
                0x00001c6c                __ltdf2
 .text          0x00001d68      0x520 d:/program files (x86)/freescale/toolchain/bin/../lib/gcc/arm-none-eabi/4.8.4/armv6-m\libgcc.a(muldf3.o)
                0x00001d68                __aeabi_dmul
 .text          0x00002288      0x668 d:/program files (x86)/freescale/toolchain/bin/../lib/gcc/arm-none-eabi/4.8.4/armv6-m\libgcc.a(subdf3.o)
                0x00002288                __aeabi_dsub
 .text          0x000028f0       0x68 d:/program files (x86)/freescale/toolchain/bin/../lib/gcc/arm-none-eabi/4.8.4/armv6-m\libgcc.a(fixdfsi.o)
                0x000028f0                __aeabi_d2iz
 .text          0x00002958       0x7c d:/program files (x86)/freescale/toolchain/bin/../lib/gcc/arm-none-eabi/4.8.4/armv6-m\libgcc.a(floatsidf.o)
                0x00002958                __aeabi_i2d
 .text          0x000029d4       0x68 d:/program files (x86)/freescale/toolchain/bin/../lib/gcc/arm-none-eabi/4.8.4/armv6-m\libgcc.a(floatunsidf.o)
                0x000029d4                __aeabi_ui2d
 .text          0x00002a3c       0xa4 d:/program files (x86)/freescale/toolchain/bin/../lib/gcc/arm-none-eabi/4.8.4/armv6-m\libgcc.a(extendsfdf2.o)
                0x00002a3c                __aeabi_f2d
 .text          0x00002ae0       0x3c d:/program files (x86)/freescale/toolchain/bin/../lib/gcc/arm-none-eabi/4.8.4/armv6-m\libgcc.a(_clzsi2.o)
                0x00002ae0                __clzsi2
 *fill*         0x00002b1c        0x4 
 .text          0x00002b20       0x40 d:/program files (x86)/freescale/toolchain/bin/../lib/gcc/arm-none-eabi/4.8.4/armv6-m\libgcc.a(_fixunsdfsi.o)
                0x00002b20                __aeabi_d2uiz
                0x00002b20                __fixunsdfsi
 .text          0x00002b60      0x3b8 d:/program files (x86)/freescale/toolchain/bin/../lib/gcc/arm-none-eabi/4.8.4/armv6-m\libgcc.a(_divdi3.o)
                0x00002b60                __divdi3
 .text          0x00002f18      0x384 d:/program files (x86)/freescale/toolchain/bin/../lib/gcc/arm-none-eabi/4.8.4/armv6-m\libgcc.a(_udivdi3.o)
                0x00002f18                __udivdi3
 *(.text*)
 .text.UART_EnableTx
                0x0000329c       0x40 ./utilities/fsl_debug_console.o
 .text.UART_EnableRx
                0x000032dc       0x40 ./utilities/fsl_debug_console.o
 .text.LPUART_EnableTx
                0x0000331c       0x3c ./utilities/fsl_debug_console.o
 .text.LPUART_EnableRx
                0x00003358       0x3c ./utilities/fsl_debug_console.o
 .text.DbgConsole_Init
                0x00003394       0xf8 ./utilities/fsl_debug_console.o
                0x00003394                DbgConsole_Init
 .text.DbgConsole_Printf
                0x0000348c       0x48 ./utilities/fsl_debug_console.o
                0x0000348c                DbgConsole_Printf
 .text.DbgConsole_Putchar
                0x000034d4       0x38 ./utilities/fsl_debug_console.o
                0x000034d4                DbgConsole_Putchar
 .text.DbgConsole_Getchar
                0x0000350c       0x38 ./utilities/fsl_debug_console.o
                0x0000350c                DbgConsole_Getchar
 .text.DbgConsole_PrintfPaddingCharacter
                0x00003544       0x48 ./utilities/fsl_debug_console.o
 .text.DbgConsole_ConvertRadixNumToString
                0x0000358c      0x1dc ./utilities/fsl_debug_console.o
 .text.DbgConsole_ConvertFloatRadixNumToString
                0x00003768      0x2c0 ./utilities/fsl_debug_console.o
 .text.DbgConsole_PrintfFormattedData
                0x00003a28      0xc58 ./utilities/fsl_debug_console.o
 .text.SystemInit
                0x00004680       0x38 ./startup/system_MKL43Z4.o
                0x00004680                SystemInit
 .text.GPIO_AML_ReadInput
                0x000046b8       0x30 ./source/sf/sf.o
 .text.SF_PackFrame
                0x000046e8       0xc4 ./source/sf/sf.o
 .text.SF_SendSpiData
                0x000047ac      0x13c ./source/sf/sf.o
 .text.SF_ReceiveSpiData
                0x000048e8      0x1e0 ./source/sf/sf.o
 .text.SF_WaitPinLevel
                0x00004ac8       0xc8 ./source/sf/sf.o
 .text.SF_SendCommandInt
                0x00004b90      0x11c ./source/sf/sf.o
 *fill*         0x00004cac        0x4 
 .text.SF_CalcUlRegs
                0x00004cb0       0xa8 ./source/sf/sf.o
 .text.SF_CalcUlFreq
                0x00004d58       0x48 ./source/sf/sf.o
 .text.SF_StoreRegs
                0x00004da0       0x6c ./source/sf/sf.o
 .text.SF_RestoreRegs
                0x00004e0c       0x50 ./source/sf/sf.o
 .text.SF_StoreDevState
                0x00004e5c       0x74 ./source/sf/sf.o
 .text.SF_StorePayload
                0x00004ed0       0xc4 ./source/sf/sf.o
 .text.SF_Init  0x00004f94      0x118 ./source/sf/sf.o
                0x00004f94                SF_Init
 .text.SF_GetDefaultConfig
                0x000050ac       0x3c ./source/sf/sf.o
                0x000050ac                SF_GetDefaultConfig
 .text.SF_SendCommand
                0x000050e8      0x1f4 ./source/sf/sf.o
                0x000050e8                SF_SendCommand
 .text.SF_WakeUp
                0x000052dc       0x6c ./source/sf/sf.o
                0x000052dc                SF_WakeUp
 .text.SF_Sleep
                0x00005348       0x60 ./source/sf/sf.o
                0x00005348                SF_Sleep
 .text.SF_SetUlFrequency
                0x000053a8       0xdc ./source/sf/sf.o
                0x000053a8                SF_SetUlFrequency
 .text.SF_GetUlFrequency
                0x00005484       0xd4 ./source/sf/sf.o
                0x00005484                SF_GetUlFrequency
 .text.SF_SendPayload
                0x00005558       0xcc ./source/sf/sf.o
                0x00005558                SF_SendPayload
 .text.SF_SendBit
                0x00005624       0x80 ./source/sf/sf.o
                0x00005624                SF_SendBit
 .text.SF_SendOutOfBand
                0x000056a4       0x80 ./source/sf/sf.o
                0x000056a4                SF_SendOutOfBand
 .text.SF_ReceiveMessage
                0x00005724       0xd0 ./source/sf/sf.o
                0x00005724                SF_ReceiveMessage
 .text.SF_TriggerWatchdog
                0x000057f4       0x5c ./source/sf/sf.o
                0x000057f4                SF_TriggerWatchdog
 .text.SF_CheckIdKey
                0x00005850       0x98 ./source/sf/sf.o
                0x00005850                SF_CheckIdKey
 .text.SF_TestSpiCon
                0x000058e8      0x168 ./source/sf/sf.o
                0x000058e8                SF_TestSpiCon
 .text.SF_TestDevice
                0x00005a50       0x90 ./source/sf/sf.o
                0x00005a50                SF_TestDevice
 .text.SF_GenerateContWave
                0x00005ae0       0x60 ./source/sf/sf.o
                0x00005ae0                SF_GenerateContWave
 .text.SF_ChangeNetworkStandard
                0x00005b40       0xa0 ./source/sf/sf.o
                0x00005b40                SF_ChangeNetworkStandard
 .text.GPIO_AML_SetOutput
                0x00005be0       0x30 ./source/sf/sf_setup.o
 .text.GPIO_AML_SetDirection
                0x00005c10       0x6c ./source/sf/sf_setup.o
 .text.SF_SetupSPI
                0x00005c7c       0x88 ./source/sf/sf_setup.o
                0x00005c7c                SF_SetupSPI
 .text.SF_SetupGPIOs
                0x00005d04       0x70 ./source/sf/sf_setup.o
                0x00005d04                SF_SetupGPIOs
 .text.WAIT_AML_WaitMs
                0x00005d74       0x4c ./source/aml/wait_aml/wait_aml.o
                0x00005d74                WAIT_AML_WaitMs
 .text.WAIT_AML_WaitUs
                0x00005dc0       0x50 ./source/aml/wait_aml/wait_aml.o
                0x00005dc0                WAIT_AML_WaitUs
 .text.GPIO_AML_SetOutput
                0x00005e10       0x30 ./source/aml/spi_aml/spi_aml.o
 .text.GPIO_AML_ClearOutput
                0x00005e40       0x30 ./source/aml/spi_aml/spi_aml.o
 .text.SPI_AML_MasterInit
                0x00005e70       0x64 ./source/aml/spi_aml/spi_aml.o
                0x00005e70                SPI_AML_MasterInit
 .text.SPI_AML_MasterGetDefaultConfig
                0x00005ed4       0x38 ./source/aml/spi_aml/spi_aml.o
                0x00005ed4                SPI_AML_MasterGetDefaultConfig
 .text.SPI_AML_MasterFillSdkConfig
                0x00005f0c       0x74 ./source/aml/spi_aml/spi_aml.o
                0x00005f0c                SPI_AML_MasterFillSdkConfig
 .text.SPI_AML_MasterSelectDevice
                0x00005f80       0x78 ./source/aml/spi_aml/spi_aml.o
                0x00005f80                SPI_AML_MasterSelectDevice
 .text.SPI_AML_MasterUnselectDevice
                0x00005ff8       0x78 ./source/aml/spi_aml/spi_aml.o
                0x00005ff8                SPI_AML_MasterUnselectDevice
 .text.SPI_AML_MasterTransfer
                0x00006070       0xbc ./source/aml/spi_aml/spi_aml.o
                0x00006070                SPI_AML_MasterTransfer
 .text.main     0x0000612c      0x398 ./source/main.o
                0x0000612c                main
 .text.SetupSigfoxDriver
                0x000064c4       0x74 ./source/main.o
 .text.printHex
                0x00006538       0x74 ./source/main.o
                0x00006538                printHex
 .text.decode   0x000065ac       0x44 ./source/main.o
                0x000065ac                decode
 .text.PrintDeviceState
                0x000065f0       0x60 ./source/sf_cmd.o
                0x000065f0                PrintDeviceState
 .text.PrintPayload
                0x00006650       0xf8 ./source/sf_cmd.o
                0x00006650                PrintPayload
 .text.PrintCommands
                0x00006748      0x154 ./source/sf_cmd.o
                0x00006748                PrintCommands
 .text.GetUserInput
                0x0000689c      0x10c ./source/sf_cmd.o
                0x0000689c                GetUserInput
 .text.GetUserCommand
                0x000069a8       0xc4 ./source/sf_cmd.o
                0x000069a8                GetUserCommand
 .text.ProcessCommand
                0x00006a6c       0x38 ./source/sf_cmd.o
                0x00006a6c                ProcessCommand
 .text.HandleWakeUp
                0x00006aa4       0x7c ./source/sf_cmd.o
 .text.HandleEcho
                0x00006b20       0xc0 ./source/sf_cmd.o
 .text.HandleSleep
                0x00006be0       0x7c ./source/sf_cmd.o
 .text.HandleSendPayload
                0x00006c5c       0xe4 ./source/sf_cmd.o
 .text.HandleSendBit
                0x00006d40       0x7c ./source/sf_cmd.o
 .text.HandleSendOoB
                0x00006dbc       0x7c ./source/sf_cmd.o
 .text.HandleRcvFrame
                0x00006e38       0xac ./source/sf_cmd.o
 .text.HandleGetInfo
                0x00006ee4      0x2bc ./source/sf_cmd.o
 .text.HandleSetUlFreq
                0x000071a0      0x108 ./source/sf_cmd.o
 .text.HandleGetUlFreq
                0x000072a8       0x94 ./source/sf_cmd.o
 .text.HandleContWave
                0x0000733c       0x7c ./source/sf_cmd.o
 .text.HandleCheckIdKey
                0x000073b8       0xb4 ./source/sf_cmd.o
 .text.HandleGetDevVer
                0x0000746c      0x1e8 ./source/sf_cmd.o
 .text.HandleSetWdTmr
                0x00007654      0x1b4 ./source/sf_cmd.o
 .text.HandleGetWdTmr
                0x00007808       0xe0 ./source/sf_cmd.o
 .text.HandleSetReg
                0x000078e8       0x44 ./source/sf_cmd.o
 .text.HandleGetReg
                0x0000792c       0x44 ./source/sf_cmd.o
 .text.HandleTrigWd
                0x00007970       0x7c ./source/sf_cmd.o
 .text.HandleKeepAlive
                0x000079ec       0x44 ./source/sf_cmd.o
 .text.HandleTestMode
                0x00007a30      0x168 ./source/sf_cmd.o
 .text.HandleChangeNetStandard
                0x00007b98       0xa0 ./source/sf_cmd.o
 .text.HandleChangeToRCZOne
                0x00007c38       0x1c ./source/sf_cmd.o
 .text.HandleChangeToRCZTwo
                0x00007c54       0x1c ./source/sf_cmd.o
 .text.HandleChangeToRCZThree
                0x00007c70       0x1c ./source/sf_cmd.o
 .text.HandleChangeToRCZFour
                0x00007c8c       0x1c ./source/sf_cmd.o
 .text.HandlerSendPkg
                0x00007ca8       0x78 ./source/sf_cmd.o
 .text.CLOCK_SetEr32kClock
                0x00007d20       0x30 ./drivers/fsl_clock.o
 .text.CLOCK_GetLircClkFreq
                0x00007d50       0x48 ./drivers/fsl_clock.o
 .text.CLOCK_GetOsc0ErClkFreq
                0x00007d98       0x4c ./drivers/fsl_clock.o
                0x00007d98                CLOCK_GetOsc0ErClkFreq
 .text.CLOCK_GetEr32kClkFreq
                0x00007de4       0x84 ./drivers/fsl_clock.o
                0x00007de4                CLOCK_GetEr32kClkFreq
 .text.CLOCK_GetCoreSysClkFreq
                0x00007e68       0x2c ./drivers/fsl_clock.o
                0x00007e68                CLOCK_GetCoreSysClkFreq
 .text.CLOCK_GetFreq
                0x00007e94       0xc4 ./drivers/fsl_clock.o
                0x00007e94                CLOCK_GetFreq
 .text.CLOCK_SetSimConfig
                0x00007f58       0x2c ./drivers/fsl_clock.o
                0x00007f58                CLOCK_SetSimConfig
 .text.CLOCK_GetInternalRefClkFreq
                0x00007f84       0x48 ./drivers/fsl_clock.o
                0x00007f84                CLOCK_GetInternalRefClkFreq
 .text.CLOCK_GetPeriphClkFreq
                0x00007fcc       0x38 ./drivers/fsl_clock.o
                0x00007fcc                CLOCK_GetPeriphClkFreq
 .text.CLOCK_GetOutClkFreq
                0x00008004       0x8c ./drivers/fsl_clock.o
                0x00008004                CLOCK_GetOutClkFreq
 .text.CLOCK_SetMcgliteConfig
                0x00008090      0x124 ./drivers/fsl_clock.o
                0x00008090                CLOCK_SetMcgliteConfig
 .text.__assert_func
                0x000081b4       0x28 ./drivers/fsl_common.o
                0x000081b4                __assert_func
 .text.DMA_ClearChannelStatusFlags
                0x000081dc       0x60 ./drivers/fsl_dma.o
 .text.DMA_HandleIRQ
                0x0000823c       0x60 ./drivers/fsl_dma.o
                0x0000823c                DMA_HandleIRQ
 .text.DMA0_DriverIRQHandler
                0x0000829c       0x18 ./drivers/fsl_dma.o
                0x0000829c                DMA0_DriverIRQHandler
 .text.DMA1_DriverIRQHandler
                0x000082b4       0x18 ./drivers/fsl_dma.o
                0x000082b4                DMA1_DriverIRQHandler
 .text.DMA2_DriverIRQHandler
                0x000082cc       0x18 ./drivers/fsl_dma.o
                0x000082cc                DMA2_DriverIRQHandler
 .text.DMA3_DriverIRQHandler
                0x000082e4       0x18 ./drivers/fsl_dma.o
                0x000082e4                DMA3_DriverIRQHandler
 .text.FLEXIO_CommonIRQHandler
                0x000082fc       0x64 ./drivers/fsl_flexio.o
                0x000082fc                FLEXIO_CommonIRQHandler
 .text.UART2_FLEXIO_DriverIRQHandler
                0x00008360        0xc ./drivers/fsl_flexio.o
                0x00008360                UART2_FLEXIO_DriverIRQHandler
 .text.I2C_TransferCommonIRQHandler
                0x0000836c       0x54 ./drivers/fsl_i2c.o
 .text.I2C0_DriverIRQHandler
                0x000083c0       0x20 ./drivers/fsl_i2c.o
                0x000083c0                I2C0_DriverIRQHandler
 .text.I2C1_DriverIRQHandler
                0x000083e0       0x20 ./drivers/fsl_i2c.o
                0x000083e0                I2C1_DriverIRQHandler
 .text.CLOCK_EnableClock
                0x00008400       0x34 ./drivers/fsl_lpuart.o
 .text.LPUART_GetInstance
                0x00008434       0x58 ./drivers/fsl_lpuart.o
                0x00008434                LPUART_GetInstance
 .text.LPUART_Init
                0x0000848c      0x250 ./drivers/fsl_lpuart.o
                0x0000848c                LPUART_Init
 .text.LPUART_GetDefaultConfig
                0x000086dc       0x50 ./drivers/fsl_lpuart.o
                0x000086dc                LPUART_GetDefaultConfig
 .text.LPUART_GetStatusFlags
                0x0000872c       0x18 ./drivers/fsl_lpuart.o
                0x0000872c                LPUART_GetStatusFlags
 .text.LPUART_ClearStatusFlags
                0x00008744       0x7c ./drivers/fsl_lpuart.o
                0x00008744                LPUART_ClearStatusFlags
 .text.LPUART_WriteBlocking
                0x000087c0       0x3c ./drivers/fsl_lpuart.o
                0x000087c0                LPUART_WriteBlocking
 .text.LPUART_ReadBlocking
                0x000087fc       0xc8 ./drivers/fsl_lpuart.o
                0x000087fc                LPUART_ReadBlocking
 .text.LPUART0_DriverIRQHandler
                0x000088c4       0x24 ./drivers/fsl_lpuart.o
                0x000088c4                LPUART0_DriverIRQHandler
 .text.LPUART1_DriverIRQHandler
                0x000088e8       0x24 ./drivers/fsl_lpuart.o
                0x000088e8                LPUART1_DriverIRQHandler
 .text.SAI_TxClearStatusFlags
                0x0000890c       0x24 ./drivers/fsl_sai.o
 .text.SAI_RxClearStatusFlags
                0x00008930       0x2c ./drivers/fsl_sai.o
 .text.SAI_TxDisableInterrupts
                0x0000895c       0x28 ./drivers/fsl_sai.o
 .text.SAI_RxDisableInterrupts
                0x00008984       0x2c ./drivers/fsl_sai.o
 .text.SAI_WriteNonBlocking
                0x000089b0       0xb0 ./drivers/fsl_sai.o
 .text.SAI_ReadNonBlocking
                0x00008a60       0xa4 ./drivers/fsl_sai.o
 .text.SAI_TxEnable
                0x00008b04       0x64 ./drivers/fsl_sai.o
                0x00008b04                SAI_TxEnable
 .text.SAI_RxEnable
                0x00008b68       0x6c ./drivers/fsl_sai.o
                0x00008b68                SAI_RxEnable
 .text.SAI_TransferAbortSend
                0x00008bd4       0x70 ./drivers/fsl_sai.o
                0x00008bd4                SAI_TransferAbortSend
 .text.SAI_TransferAbortReceive
                0x00008c44       0x70 ./drivers/fsl_sai.o
                0x00008c44                SAI_TransferAbortReceive
 .text.SAI_TransferTxHandleIRQ
                0x00008cb4      0x1cc ./drivers/fsl_sai.o
                0x00008cb4                SAI_TransferTxHandleIRQ
 .text.SAI_TransferRxHandleIRQ
                0x00008e80      0x1d0 ./drivers/fsl_sai.o
                0x00008e80                SAI_TransferRxHandleIRQ
 .text.I2S0_DriverIRQHandler
                0x00009050       0x70 ./drivers/fsl_sai.o
                0x00009050                I2S0_DriverIRQHandler
 .text.CLOCK_EnableClock
                0x000090c0       0x34 ./drivers/fsl_spi.o
 .text.SPI_SlaveTransferHandleIRQ
                0x000090f4       0x1c ./drivers/fsl_spi.o
 .text.SPI_GetInstance
                0x00009110       0x58 ./drivers/fsl_spi.o
                0x00009110                SPI_GetInstance
 .text.SPI_WriteNonBlocking
                0x00009168       0x94 ./drivers/fsl_spi.o
 .text.SPI_ReadNonBlocking
                0x000091fc       0x98 ./drivers/fsl_spi.o
 .text.SPI_SendTransfer
                0x00009294       0xc4 ./drivers/fsl_spi.o
 .text.SPI_ReceiveTransfer
                0x00009358       0xb0 ./drivers/fsl_spi.o
 .text.SPI_MasterGetDefaultConfig
                0x00009408       0x54 ./drivers/fsl_spi.o
                0x00009408                SPI_MasterGetDefaultConfig
 .text.SPI_MasterInit
                0x0000945c      0x14c ./drivers/fsl_spi.o
                0x0000945c                SPI_MasterInit
 .text.SPI_DisableInterrupts
                0x000095a8       0x94 ./drivers/fsl_spi.o
                0x000095a8                SPI_DisableInterrupts
 .text.SPI_MasterSetBaudRate
                0x0000963c       0xb8 ./drivers/fsl_spi.o
                0x0000963c                SPI_MasterSetBaudRate
 .text.SPI_WriteData
                0x000096f4       0x2c ./drivers/fsl_spi.o
                0x000096f4                SPI_WriteData
 .text.SPI_ReadData
                0x00009720       0x44 ./drivers/fsl_spi.o
                0x00009720                SPI_ReadData
 .text.SPI_MasterTransferBlocking
                0x00009764      0x140 ./drivers/fsl_spi.o
                0x00009764                SPI_MasterTransferBlocking
 .text.SPI_MasterTransferAbort
                0x000098a4       0x64 ./drivers/fsl_spi.o
                0x000098a4                SPI_MasterTransferAbort
 .text.SPI_MasterTransferHandleIRQ
                0x00009908       0x90 ./drivers/fsl_spi.o
                0x00009908                SPI_MasterTransferHandleIRQ
 .text.SPI_TransferCommonIRQHandler
                0x00009998       0x38 ./drivers/fsl_spi.o
 .text.SPI0_DriverIRQHandler
                0x000099d0       0x44 ./drivers/fsl_spi.o
                0x000099d0                SPI0_DriverIRQHandler
 .text.SPI1_DriverIRQHandler
                0x00009a14       0x44 ./drivers/fsl_spi.o
                0x00009a14                SPI1_DriverIRQHandler
 .text.CLOCK_EnableClock
                0x00009a58       0x34 ./drivers/fsl_uart.o
 .text.UART_GetInstance
                0x00009a8c       0x60 ./drivers/fsl_uart.o
                0x00009a8c                UART_GetInstance
 .text.UART_Init
                0x00009aec      0x16c ./drivers/fsl_uart.o
                0x00009aec                UART_Init
 .text.UART_GetDefaultConfig
                0x00009c58       0x4c ./drivers/fsl_uart.o
                0x00009c58                UART_GetDefaultConfig
 .text.UART_GetStatusFlags
                0x00009ca4       0x28 ./drivers/fsl_uart.o
                0x00009ca4                UART_GetStatusFlags
 .text.UART_WriteBlocking
                0x00009ccc       0x3c ./drivers/fsl_uart.o
                0x00009ccc                UART_WriteBlocking
 .text.UART_ReadBlocking
                0x00009d08       0x8c ./drivers/fsl_uart.o
                0x00009d08                UART_ReadBlocking
 .text.CLOCK_SetLpuart0Clock
                0x00009d94       0x38 ./board/board.o
 .text.BOARD_InitDebugConsole
                0x00009dcc       0x30 ./board/board.o
                0x00009dcc                BOARD_InitDebugConsole
 .text.CLOCK_SetSimSafeDivs
                0x00009dfc       0x1c ./board/clock_config.o
 .text.BOARD_BootClockRUN
                0x00009e18       0x34 ./board/clock_config.o
                0x00009e18                BOARD_BootClockRUN
 .text.CLOCK_EnableClock
                0x00009e4c       0x34 ./board/pin_mux.o
 .text.PORT_SetPinMux
                0x00009e80       0x3c ./board/pin_mux.o
 .text.BOARD_InitPins
                0x00009ebc       0xb8 ./board/pin_mux.o
                0x00009ebc                BOARD_InitPins
 .text.modf     0x00009f74       0x7c d:/program files (x86)/freescale/toolchain/bin/../lib/gcc/arm-none-eabi/4.8.4/../../../../arm-none-eabi/lib/armv6-m\libm.a(lib_a-s_modf.o)
                0x00009f74                modf
 .text.pow      0x00009ff0      0x370 d:/program files (x86)/freescale/toolchain/bin/../lib/gcc/arm-none-eabi/4.8.4/../../../../arm-none-eabi/lib/armv6-m\libm.a(lib_a-w_pow.o)
                0x00009ff0                pow
 .text.__ieee754_pow
                0x0000a360      0xb20 d:/program files (x86)/freescale/toolchain/bin/../lib/gcc/arm-none-eabi/4.8.4/../../../../arm-none-eabi/lib/armv6-m\libm.a(lib_a-e_pow.o)
                0x0000a360                __ieee754_pow
 .text.__ieee754_sqrt
                0x0000ae80      0x1cc d:/program files (x86)/freescale/toolchain/bin/../lib/gcc/arm-none-eabi/4.8.4/../../../../arm-none-eabi/lib/armv6-m\libm.a(lib_a-e_sqrt.o)
                0x0000ae80                __ieee754_sqrt
 .text.fabs     0x0000b04c        0x8 d:/program files (x86)/freescale/toolchain/bin/../lib/gcc/arm-none-eabi/4.8.4/../../../../arm-none-eabi/lib/armv6-m\libm.a(lib_a-s_fabs.o)
                0x0000b04c                fabs
 .text.finite   0x0000b054       0x10 d:/program files (x86)/freescale/toolchain/bin/../lib/gcc/arm-none-eabi/4.8.4/../../../../arm-none-eabi/lib/armv6-m\libm.a(lib_a-s_finite.o)
                0x0000b054                finite
 .text.__fpclassifyd
                0x0000b064       0x60 d:/program files (x86)/freescale/toolchain/bin/../lib/gcc/arm-none-eabi/4.8.4/../../../../arm-none-eabi/lib/armv6-m\libm.a(lib_a-s_fpclassify.o)
                0x0000b064                __fpclassifyd
 .text.matherr  0x0000b0c4        0x4 d:/program files (x86)/freescale/toolchain/bin/../lib/gcc/arm-none-eabi/4.8.4/../../../../arm-none-eabi/lib/armv6-m\libm.a(lib_a-s_matherr.o)
                0x0000b0c4                matherr
 .text.nan      0x0000b0c8       0x10 d:/program files (x86)/freescale/toolchain/bin/../lib/gcc/arm-none-eabi/4.8.4/../../../../arm-none-eabi/lib/armv6-m\libm.a(lib_a-s_nan.o)
                0x0000b0c8                nan
 .text.rint     0x0000b0d8      0x154 d:/program files (x86)/freescale/toolchain/bin/../lib/gcc/arm-none-eabi/4.8.4/../../../../arm-none-eabi/lib/armv6-m\libm.a(lib_a-s_rint.o)
                0x0000b0d8                rint
 *fill*         0x0000b22c        0x4 
 .text.scalbn   0x0000b230      0x110 d:/program files (x86)/freescale/toolchain/bin/../lib/gcc/arm-none-eabi/4.8.4/../../../../arm-none-eabi/lib/armv6-m\libm.a(lib_a-s_scalbn.o)
                0x0000b230                scalbn
 .text.copysign
                0x0000b340       0x10 d:/program files (x86)/freescale/toolchain/bin/../lib/gcc/arm-none-eabi/4.8.4/../../../../arm-none-eabi/lib/armv6-m\libm.a(lib_a-s_copysign.o)
                0x0000b340                copysign
 .text.atoi     0x0000b350        0xc d:/program files (x86)/freescale/toolchain/bin/../lib/gcc/arm-none-eabi/4.8.4/../../../../arm-none-eabi/lib/armv6-m\libg_s.a(lib_a-atoi.o)
                0x0000b350                atoi
 .text.__errno  0x0000b35c        0xc d:/program files (x86)/freescale/toolchain/bin/../lib/gcc/arm-none-eabi/4.8.4/../../../../arm-none-eabi/lib/armv6-m\libg_s.a(lib_a-errno.o)
                0x0000b35c                __errno
 .text.exit     0x0000b368       0x2c d:/program files (x86)/freescale/toolchain/bin/../lib/gcc/arm-none-eabi/4.8.4/../../../../arm-none-eabi/lib/armv6-m\libg_s.a(lib_a-exit.o)
                0x0000b368                exit
 .text.__libc_init_array
                0x0000b394       0x4c d:/program files (x86)/freescale/toolchain/bin/../lib/gcc/arm-none-eabi/4.8.4/../../../../arm-none-eabi/lib/armv6-m\libg_s.a(lib_a-init.o)
                0x0000b394                __libc_init_array
 .text.memcpy   0x0000b3e0       0x12 d:/program files (x86)/freescale/toolchain/bin/../lib/gcc/arm-none-eabi/4.8.4/../../../../arm-none-eabi/lib/armv6-m\libg_s.a(lib_a-memcpy-stub.o)
                0x0000b3e0                memcpy
 .text.memset   0x0000b3f2       0x10 d:/program files (x86)/freescale/toolchain/bin/../lib/gcc/arm-none-eabi/4.8.4/../../../../arm-none-eabi/lib/armv6-m\libg_s.a(lib_a-memset.o)
                0x0000b3f2                memset
 .text.strlen   0x0000b402        0xe d:/program files (x86)/freescale/toolchain/bin/../lib/gcc/arm-none-eabi/4.8.4/../../../../arm-none-eabi/lib/armv6-m\libg_s.a(lib_a-strlen.o)
                0x0000b402                strlen
 .text._strtol_r
                0x0000b410      0x114 d:/program files (x86)/freescale/toolchain/bin/../lib/gcc/arm-none-eabi/4.8.4/../../../../arm-none-eabi/lib/armv6-m\libg_s.a(lib_a-strtol.o)
                0x0000b410                _strtol_r
 .text.strtol   0x0000b524       0x1c d:/program files (x86)/freescale/toolchain/bin/../lib/gcc/arm-none-eabi/4.8.4/../../../../arm-none-eabi/lib/armv6-m\libg_s.a(lib_a-strtol.o)
                0x0000b524                strtol
 .text._exit    0x0000b540        0x4 d:/program files (x86)/freescale/toolchain/bin/../lib/gcc/arm-none-eabi/4.8.4/../../../../arm-none-eabi/lib/armv6-m\libnosys.a(_exit.o)
                0x0000b540                _exit
 *(.rodata)
 .rodata        0x0000b544      0x5e0 ./source/sf/sf.o
 .rodata        0x0000bb24       0x24 ./source/sf/sf_setup.o
 .rodata        0x0000bb48      0x150 ./source/aml/spi_aml/spi_aml.o
 .rodata        0x0000bc98      0x1dc ./source/main.o
 .rodata        0x0000be74     0x1450 ./source/sf_cmd.o
 .rodata        0x0000d2c4       0x44 ./drivers/fsl_clock.o
 .rodata        0x0000d308       0x40 ./drivers/fsl_common.o
 .rodata        0x0000d348      0x134 ./drivers/fsl_dma.o
 .rodata        0x0000d47c       0x50 ./drivers/fsl_lpuart.o
 .rodata        0x0000d4cc       0x48 ./drivers/fsl_sai.o
 .rodata        0x0000d514       0x80 ./drivers/fsl_spi.o
 .rodata        0x0000d594       0x44 ./drivers/fsl_uart.o
 .rodata        0x0000d5d8       0x40 d:/program files (x86)/freescale/toolchain/bin/../lib/gcc/arm-none-eabi/4.8.4/armv6-m\libgcc.a(divdf3.o)
 .rodata        0x0000d618       0x40 d:/program files (x86)/freescale/toolchain/bin/../lib/gcc/arm-none-eabi/4.8.4/armv6-m\libgcc.a(muldf3.o)
 *(.rodata*)
 .rodata.DbgConsole_PrintfFormattedData
                0x0000d658       0x44 ./utilities/fsl_debug_console.o
 .rodata.g_gpioBases
                0x0000d69c       0x14 ./source/sf/sf.o
 .rodata.__func__.6262
                0x0000d6b0       0x10 ./source/sf/sf.o
 .rodata.__func__.6269
                0x0000d6c0       0x10 ./source/sf/sf.o
 .rodata.__func__.6278
                0x0000d6d0       0x14 ./source/sf/sf.o
 .rodata.__func__.6286
                0x0000d6e4       0x10 ./source/sf/sf.o
 .rodata.__func__.6299
                0x0000d6f4       0x14 ./source/sf/sf.o
 .rodata.__func__.6305
                0x0000d708       0x10 ./source/sf/sf.o
 .rodata.__func__.6316
                0x0000d718       0x10 ./source/sf/sf.o
 .rodata.__func__.6326
                0x0000d728       0x14 ./source/sf/sf.o
 .rodata.__func__.6333
                0x0000d73c       0x10 ./source/sf/sf.o
 .rodata.__func__.6342
                0x0000d74c        0x8 ./source/sf/sf.o
 .rodata.__func__.6346
                0x0000d754       0x14 ./source/sf/sf.o
 .rodata.__func__.6358
                0x0000d768       0x10 ./source/sf/sf.o
 .rodata.__func__.6364
                0x0000d778        0xc ./source/sf/sf.o
 .rodata.__func__.6369
                0x0000d784        0xc ./source/sf/sf.o
 .rodata.__func__.6379
                0x0000d790       0x14 ./source/sf/sf.o
 .rodata.__func__.6389
                0x0000d7a4       0x14 ./source/sf/sf.o
 .rodata.__func__.6397
                0x0000d7b8       0x10 ./source/sf/sf.o
 .rodata.__func__.6404
                0x0000d7c8        0xc ./source/sf/sf.o
 .rodata.__func__.6411
                0x0000d7d4       0x14 ./source/sf/sf.o
 .rodata.__func__.6419
                0x0000d7e8       0x14 ./source/sf/sf.o
 .rodata.__func__.6424
                0x0000d7fc       0x14 ./source/sf/sf.o
 .rodata.__func__.6432
                0x0000d810       0x10 ./source/sf/sf.o
 .rodata.__func__.6451
                0x0000d820       0x10 ./source/sf/sf.o
 .rodata.__func__.6462
                0x0000d830       0x10 ./source/sf/sf.o
 .rodata.__func__.6467
                0x0000d840       0x14 ./source/sf/sf.o
 .rodata.__func__.6476
                0x0000d854       0x1c ./source/sf/sf.o
 .rodata.g_gpioBases
                0x0000d870       0x14 ./source/sf/sf_setup.o
 .rodata.__func__.5998
                0x0000d884       0x10 ./source/sf/sf_setup.o
 .rodata.g_gpioBases
                0x0000d894       0x14 ./source/aml/spi_aml/spi_aml.o
 .rodata.g_spiBases
                0x0000d8a8        0x8 ./source/aml/spi_aml/spi_aml.o
 .rodata.__func__.5976
                0x0000d8b0       0x14 ./source/aml/spi_aml/spi_aml.o
 .rodata.__func__.5993
                0x0000d8c4       0x20 ./source/aml/spi_aml/spi_aml.o
 .rodata.__func__.6002
                0x0000d8e4       0x1c ./source/aml/spi_aml/spi_aml.o
 .rodata.__func__.6013
                0x0000d900       0x1c ./source/aml/spi_aml/spi_aml.o
 .rodata.__func__.6019
                0x0000d91c       0x20 ./source/aml/spi_aml/spi_aml.o
 .rodata.__func__.6024
                0x0000d93c       0x18 ./source/aml/spi_aml/spi_aml.o
 .rodata.__func__.6732
                0x0000d954       0x14 ./source/sf_cmd.o
 .rodata.__func__.6737
                0x0000d968       0x10 ./source/sf_cmd.o
 .rodata.__func__.6780
                0x0000d978       0x10 ./source/sf_cmd.o
 .rodata.__func__.6786
                0x0000d988        0xc ./source/sf_cmd.o
 .rodata.__func__.6791
                0x0000d994        0xc ./source/sf_cmd.o
 .rodata.__func__.6799
                0x0000d9a0       0x14 ./source/sf_cmd.o
 .rodata.__func__.6806
                0x0000d9b4       0x10 ./source/sf_cmd.o
 .rodata.__func__.6811
                0x0000d9c4       0x10 ./source/sf_cmd.o
 .rodata.__func__.6818
                0x0000d9d4       0x10 ./source/sf_cmd.o
 .rodata.__func__.6834
                0x0000d9e4       0x10 ./source/sf_cmd.o
 .rodata.__func__.6842
                0x0000d9f4       0x10 ./source/sf_cmd.o
 .rodata.__func__.6847
                0x0000da04       0x10 ./source/sf_cmd.o
 .rodata.__func__.6853
                0x0000da14       0x14 ./source/sf_cmd.o
 .rodata.__func__.6861
                0x0000da28       0x10 ./source/sf_cmd.o
 .rodata.__func__.6870
                0x0000da38       0x10 ./source/sf_cmd.o
 .rodata.__func__.6880
                0x0000da48       0x10 ./source/sf_cmd.o
 .rodata.__func__.6885
                0x0000da58       0x10 ./source/sf_cmd.o
 .rodata.__func__.6890
                0x0000da68       0x10 ./source/sf_cmd.o
 .rodata.__func__.6895
                0x0000da78       0x10 ./source/sf_cmd.o
 .rodata.__func__.6900
                0x0000da88       0x10 ./source/sf_cmd.o
 .rodata.__func__.6909
                0x0000da98       0x10 ./source/sf_cmd.o
 .rodata.__func__.6917
                0x0000daa8       0x18 ./source/sf_cmd.o
 .rodata.CLOCK_GetFreq
                0x0000dac0       0x50 ./drivers/fsl_clock.o
 .rodata.lircFreqs.5560
                0x0000db10        0x8 ./drivers/fsl_clock.o
 .rodata.__func__.5568
                0x0000db18       0x18 ./drivers/fsl_clock.o
 .rodata.__func__.5576
                0x0000db30       0x18 ./drivers/fsl_clock.o
 .rodata.__func__.5633
                0x0000db48       0x14 ./drivers/fsl_clock.o
 .rodata.__func__.5647
                0x0000db5c       0x18 ./drivers/fsl_clock.o
 .rodata.__func__.5850
                0x0000db74       0x10 ./drivers/fsl_dma.o
 .rodata.__func__.5718
                0x0000db84       0x1c ./drivers/fsl_dma.o
 .rodata.s_lpuartBases
                0x0000dba0        0x8 ./drivers/fsl_lpuart.o
 .rodata.s_lpuartClock
                0x0000dba8        0x8 ./drivers/fsl_lpuart.o
 .rodata.__func__.5768
                0x0000dbb0       0x14 ./drivers/fsl_lpuart.o
 .rodata.__func__.5802
                0x0000dbc4        0xc ./drivers/fsl_lpuart.o
 .rodata.__func__.5824
                0x0000dbd0       0x18 ./drivers/fsl_lpuart.o
 .rodata.__func__.6052
                0x0000dbe8       0x18 ./drivers/fsl_sai.o
 .rodata.__func__.6057
                0x0000dc00       0x1c ./drivers/fsl_sai.o
 .rodata.__func__.6062
                0x0000dc1c       0x18 ./drivers/fsl_sai.o
 .rodata.__func__.6070
                0x0000dc34       0x18 ./drivers/fsl_sai.o
 .rodata.s_spiBases
                0x0000dc4c        0x8 ./drivers/fsl_spi.o
 .rodata.s_spiClock
                0x0000dc54        0x8 ./drivers/fsl_spi.o
 .rodata.__func__.5803
                0x0000dc5c       0x10 ./drivers/fsl_spi.o
 .rodata.__func__.5916
                0x0000dc6c       0x1c ./drivers/fsl_spi.o
 .rodata.__func__.5953
                0x0000dc88       0x18 ./drivers/fsl_spi.o
 .rodata.__func__.5958
                0x0000dca0       0x1c ./drivers/fsl_spi.o
 .rodata.__func__.5966
                0x0000dcbc       0x18 ./drivers/fsl_spi.o
 .rodata.__func__.5970
                0x0000dcd4       0x18 ./drivers/fsl_spi.o
 .rodata.s_uartBases
                0x0000dcec        0xc ./drivers/fsl_uart.o
 .rodata.s_uartClock
                0x0000dcf8        0xc ./drivers/fsl_uart.o
 .rodata.__func__.5762
                0x0000dd04       0x14 ./drivers/fsl_uart.o
 .rodata.__func__.5776
                0x0000dd18        0xc ./drivers/fsl_uart.o
 .rodata.__func__.5789
                0x0000dd24       0x18 ./drivers/fsl_uart.o
 .rodata.g_defaultClockConfigRun
                0x0000dd3c       0x1c ./board/clock_config.o
                0x0000dd3c                g_defaultClockConfigRun
 .rodata.str1.4
                0x0000dd58        0x4 d:/program files (x86)/freescale/toolchain/bin/../lib/gcc/arm-none-eabi/4.8.4/../../../../arm-none-eabi/lib/armv6-m\libm.a(lib_a-w_pow.o)
 *fill*         0x0000dd5c        0x4 
 .rodata.dp_h   0x0000dd60       0x10 d:/program files (x86)/freescale/toolchain/bin/../lib/gcc/arm-none-eabi/4.8.4/../../../../arm-none-eabi/lib/armv6-m\libm.a(lib_a-e_pow.o)
 .rodata.dp_l   0x0000dd70       0x10 d:/program files (x86)/freescale/toolchain/bin/../lib/gcc/arm-none-eabi/4.8.4/../../../../arm-none-eabi/lib/armv6-m\libm.a(lib_a-e_pow.o)
 .rodata.bp     0x0000dd80       0x10 d:/program files (x86)/freescale/toolchain/bin/../lib/gcc/arm-none-eabi/4.8.4/../../../../arm-none-eabi/lib/armv6-m\libm.a(lib_a-e_pow.o)
 .rodata.str1.4
                0x0000dd90        0x4 d:/program files (x86)/freescale/toolchain/bin/../lib/gcc/arm-none-eabi/4.8.4/../../../../arm-none-eabi/lib/armv6-m\libm.a(lib_a-e_pow.o)
 *fill*         0x0000dd94        0x4 
 .rodata.TWO52  0x0000dd98       0x10 d:/program files (x86)/freescale/toolchain/bin/../lib/gcc/arm-none-eabi/4.8.4/../../../../arm-none-eabi/lib/armv6-m\libm.a(lib_a-s_rint.o)
 .rodata._ctype_
                0x0000dda8      0x101 d:/program files (x86)/freescale/toolchain/bin/../lib/gcc/arm-none-eabi/4.8.4/../../../../arm-none-eabi/lib/armv6-m\libg_s.a(lib_a-ctype_.o)
                0x0000dda8                _ctype_
 .rodata.str1.1
                0x0000dea9        0x2 d:/program files (x86)/freescale/toolchain/bin/../lib/gcc/arm-none-eabi/4.8.4/../../../../arm-none-eabi/lib/armv6-m\libg_s.a(lib_a-impure.o)
 *fill*         0x0000deab        0x1 
 .rodata._global_impure_ptr
                0x0000deac        0x4 d:/program files (x86)/freescale/toolchain/bin/../lib/gcc/arm-none-eabi/4.8.4/../../../../arm-none-eabi/lib/armv6-m\libg_s.a(lib_a-impure.o)
                0x0000deac                _global_impure_ptr
 *(.glue_7)
 .glue_7        0x00000000        0x0 linker stubs
 *(.glue_7t)
 .glue_7t       0x00000000        0x0 linker stubs
 *(.eh_frame)
 .eh_frame      0x0000deb0        0x0 d:/program files (x86)/freescale/toolchain/bin/../lib/gcc/arm-none-eabi/4.8.4/armv6-m/crtbegin.o
 *(.init)
 .init          0x0000deb0        0x4 d:/program files (x86)/freescale/toolchain/bin/../lib/gcc/arm-none-eabi/4.8.4/armv6-m/crti.o
                0x0000deb0                _init
 .init          0x0000deb4        0x8 d:/program files (x86)/freescale/toolchain/bin/../lib/gcc/arm-none-eabi/4.8.4/armv6-m/crtn.o
 *(.fini)
 .fini          0x0000debc        0x4 d:/program files (x86)/freescale/toolchain/bin/../lib/gcc/arm-none-eabi/4.8.4/armv6-m/crti.o
                0x0000debc                _fini
 .fini          0x0000dec0        0x8 d:/program files (x86)/freescale/toolchain/bin/../lib/gcc/arm-none-eabi/4.8.4/armv6-m/crtn.o
                0x0000dec8                . = ALIGN (0x4)

.vfp11_veneer   0x0000dec8        0x0
 .vfp11_veneer  0x00000000        0x0 linker stubs

.v4_bx          0x0000dec8        0x0
 .v4_bx         0x00000000        0x0 linker stubs

.iplt           0x0000dec8        0x0
 .iplt          0x00000000        0x0 d:/program files (x86)/freescale/toolchain/bin/../lib/gcc/arm-none-eabi/4.8.4/armv6-m/crtbegin.o

.ARM.extab
 *(.ARM.extab* .gnu.linkonce.armextab.*)

.ARM            0x0000dec8        0x8
                0x0000dec8                __exidx_start = .
 *(.ARM.exidx*)
 .ARM.exidx     0x0000dec8        0x8 d:/program files (x86)/freescale/toolchain/bin/../lib/gcc/arm-none-eabi/4.8.4/../../../../arm-none-eabi/lib/armv6-m/crt0.o
 .ARM.exidx     0x0000ded0        0x0 d:/program files (x86)/freescale/toolchain/bin/../lib/gcc/arm-none-eabi/4.8.4/armv6-m\libgcc.a(_divdi3.o)
                                  0x8 (size before relaxing)
 .ARM.exidx     0x0000ded0        0x0 d:/program files (x86)/freescale/toolchain/bin/../lib/gcc/arm-none-eabi/4.8.4/armv6-m\libgcc.a(_udivdi3.o)
                                  0x8 (size before relaxing)
                0x0000ded0                __exidx_end = .

.rel.dyn        0x0000ded0        0x0
 .rel.iplt      0x00000000        0x0 d:/program files (x86)/freescale/toolchain/bin/../lib/gcc/arm-none-eabi/4.8.4/armv6-m/crtbegin.o

.ctors          0x0000ded0        0x0
                0x0000ded0                __CTOR_LIST__ = .
 *crtbegin.o(.ctors)
 *crtbegin?.o(.ctors)
 *(EXCLUDE_FILE(*crtend.o *crtend?.o) .ctors)
 *(SORT(.ctors.*))
 *(.ctors)
                0x0000ded0                __CTOR_END__ = .

.dtors          0x0000ded0        0x0
                0x0000ded0                __DTOR_LIST__ = .
 *crtbegin.o(.dtors)
 *crtbegin?.o(.dtors)
 *(EXCLUDE_FILE(*crtend.o *crtend?.o) .dtors)
 *(SORT(.dtors.*))
 *(.dtors)
                0x0000ded0                __DTOR_END__ = .

.preinit_array  0x0000ded0        0x0
                0x0000ded0                PROVIDE (__preinit_array_start, .)
 *(.preinit_array*)
                0x0000ded0                PROVIDE (__preinit_array_end, .)

.init_array     0x0000ded0        0x4
                0x0000ded0                PROVIDE (__init_array_start, .)
 *(SORT(.init_array.*))
 *(.init_array*)
 .init_array    0x0000ded0        0x4 d:/program files (x86)/freescale/toolchain/bin/../lib/gcc/arm-none-eabi/4.8.4/armv6-m/crtbegin.o
                0x0000ded4                PROVIDE (__init_array_end, .)

.fini_array     0x0000ded4        0x4
                0x0000ded4                PROVIDE (__fini_array_start, .)
 *(SORT(.fini_array.*))
 *(.fini_array*)
 .fini_array    0x0000ded4        0x4 d:/program files (x86)/freescale/toolchain/bin/../lib/gcc/arm-none-eabi/4.8.4/armv6-m/crtbegin.o
                0x0000ded8                PROVIDE (__fini_array_end, .)
                0x0000ded8                __etext = .
                0x0000ded8                __DATA_ROM = .

.mtb            0x1fffe000        0x0
                0x1fffe000                . = ALIGN (0x8)
                0x1fffe000                _mtb_start = .
 *(.mtb_buf)
                0x1fffe000                . = ALIGN (0x8)
                0x1fffe000                _mtb_end = .

.interrupts_ram
                0x1fffe000        0x0
                0x1fffe000                . = ALIGN (0x4)
                0x1fffe000                __VECTOR_RAM__ = .
                0x1fffe000                __interrupts_ram_start__ = .
 *(.m_interrupts_ram)
                0x1fffe000                . = (. + M_VECTOR_RAM_SIZE)
                0x1fffe000                . = ALIGN (0x4)
                0x1fffe000                __interrupts_ram_end__ = .
                0x00000000                __VECTOR_RAM = DEFINED (__ram_vector_table__)?__VECTOR_RAM__:ORIGIN (m_interrupts)
                0x00000000                __RAM_VECTOR_TABLE_SIZE_BYTES = DEFINED (__ram_vector_table__)?(__interrupts_ram_end__ - __interrupts_ram_start__):0x0

.data           0x1fffe000       0xd8 load address 0x0000ded8
                0x1fffe000                . = ALIGN (0x4)
                0x1fffe000                __DATA_RAM = .
                0x1fffe000                __data_start__ = .
 *(.data)
 *(.data*)
 .data.SystemCoreClock
                0x1fffe000        0x4 ./startup/system_MKL43Z4.o
                0x1fffe000                SystemCoreClock
 .data.CmdHandlerArr
                0x1fffe004       0x64 ./source/sf_cmd.o
 .data.__fdlib_version
                0x1fffe068        0x1 d:/program files (x86)/freescale/toolchain/bin/../lib/gcc/arm-none-eabi/4.8.4/../../../../arm-none-eabi/lib/armv6-m\libm.a(lib_a-s_lib_ver.o)
                0x1fffe068                __fdlib_version
 *fill*         0x1fffe069        0x3 
 .data.__ctype_ptr__
                0x1fffe06c        0x4 d:/program files (x86)/freescale/toolchain/bin/../lib/gcc/arm-none-eabi/4.8.4/../../../../arm-none-eabi/lib/armv6-m\libg_s.a(lib_a-ctype_.o)
                0x1fffe06c                __ctype_ptr__
 .data.impure_data
                0x1fffe070       0x60 d:/program files (x86)/freescale/toolchain/bin/../lib/gcc/arm-none-eabi/4.8.4/../../../../arm-none-eabi/lib/armv6-m\libg_s.a(lib_a-impure.o)
 .data._impure_ptr
                0x1fffe0d0        0x4 d:/program files (x86)/freescale/toolchain/bin/../lib/gcc/arm-none-eabi/4.8.4/../../../../arm-none-eabi/lib/armv6-m\libg_s.a(lib_a-impure.o)
                0x1fffe0d0                _impure_ptr
 *(.jcr*)
 .jcr           0x1fffe0d4        0x0 d:/program files (x86)/freescale/toolchain/bin/../lib/gcc/arm-none-eabi/4.8.4/armv6-m/crtbegin.o
 .jcr           0x1fffe0d4        0x4 d:/program files (x86)/freescale/toolchain/bin/../lib/gcc/arm-none-eabi/4.8.4/armv6-m/crtend.o
                0x1fffe0d8                . = ALIGN (0x4)
                0x1fffe0d8                __data_end__ = .
                0x0000dfb0                __DATA_END = (__DATA_ROM + (__data_end__ - __data_start__))
                0x00040000                text_end = (ORIGIN (m_text) + 0x3fbf0)
                0x00000001                ASSERT ((__DATA_END <= text_end), region m_text overflowed with text and data)
                0x00000800                USB_RAM_GAP = DEFINED (__usb_ram_size__)?__usb_ram_size__:0x800

.igot.plt       0x1fffe0d8        0x0 load address 0x0000dfb0
 .igot.plt      0x00000000        0x0 d:/program files (x86)/freescale/toolchain/bin/../lib/gcc/arm-none-eabi/4.8.4/armv6-m/crtbegin.o

.bss            0x1fffe0d8      0x944 load address 0x0000dfb0
                0x1fffe0d8                . = ALIGN (0x4)
                0x1fffe0d8                __START_BSS = .
                0x1fffe0d8                __bss_start__ = .
 *(.bss)
 .bss           0x1fffe0d8       0x1c d:/program files (x86)/freescale/toolchain/bin/../lib/gcc/arm-none-eabi/4.8.4/armv6-m/crtbegin.o
 *(.bss*)
 .bss.s_debugConsole
                0x1fffe0f4       0x10 ./utilities/fsl_debug_console.o
 .bss.s_DMAHandle
                0x1fffe104       0x10 ./drivers/fsl_dma.o
 .bss.s_flexioHandle
                0x1fffe114        0x8 ./drivers/fsl_flexio.o
 .bss.s_flexioType
                0x1fffe11c        0x8 ./drivers/fsl_flexio.o
 .bss.s_flexioIsr
                0x1fffe124        0x8 ./drivers/fsl_flexio.o
 .bss.s_i2cHandle
                0x1fffe12c        0x8 ./drivers/fsl_i2c.o
 .bss.s_i2cMasterIsr
                0x1fffe134        0x4 ./drivers/fsl_i2c.o
 .bss.s_i2cSlaveIsr
                0x1fffe138        0x4 ./drivers/fsl_i2c.o
 .bss.s_lpuartHandle
                0x1fffe13c        0x8 ./drivers/fsl_lpuart.o
 .bss.s_lpuartIsr
                0x1fffe144        0x4 ./drivers/fsl_lpuart.o
 .bss.s_spiHandle
                0x1fffe148        0x8 ./drivers/fsl_spi.o
                0x1fffe200                . = ALIGN (0x200)
 *fill*         0x1fffe150       0xb0 
                0x1fffe200                USB_RAM_START = .
                0x1fffea00                . = (. + USB_RAM_GAP)
 *fill*         0x1fffe200      0x800 
 *(COMMON)
 COMMON         0x1fffea00        0xc ./source/main.o
                0x1fffea00                msg
 COMMON         0x1fffea0c        0x8 ./drivers/fsl_clock.o
                0x1fffea0c                g_xtal32Freq
                0x1fffea10                g_xtal0Freq
 COMMON         0x1fffea14        0x8 ./drivers/fsl_sai.o
                0x1fffea14                s_saiHandle
                0x1fffea1c                . = ALIGN (0x4)
                0x1fffea1c                __bss_end__ = .
                0x1fffea1c                __END_BSS = .

.heap           0x1fffea1c      0x404 load address 0x0000e8f4
                0x1fffea20                . = ALIGN (0x8)
 *fill*         0x1fffea1c        0x4 
                0x1fffea20                __end__ = .
                0x1fffea20                PROVIDE (end, .)
                0x1fffea20                __HeapBase = .
                0x1fffee20                . = (. + HEAP_SIZE)
 *fill*         0x1fffea20      0x400 
                0x1fffee20                __HeapLimit = .
                0x1fffee20                __heap_limit = .

.stack          0x1fffee20      0x400 load address 0x0000ecf8
                0x1fffee20                . = ALIGN (0x8)
                0x1ffff220                . = (. + STACK_SIZE)
 *fill*         0x1fffee20      0x400 

m_usb_bdt       0x1fffe200        0x0
 *(m_usb_bdt)
                0x1fffe200                USB_RAM_BDT_END = .

m_usb_global
 *(m_usb_global)
                0x20006000                __StackTop = (ORIGIN (m_data) + 0x8000)
                0x20005c00                __StackLimit = (__StackTop - STACK_SIZE)
                0x20006000                PROVIDE (__stack, __StackTop)

.ARM.attributes
                0x00000000       0x28
 *(.ARM.attributes)
 .ARM.attributes
                0x00000000       0x1e d:/program files (x86)/freescale/toolchain/bin/../lib/gcc/arm-none-eabi/4.8.4/armv6-m/crti.o
 .ARM.attributes
                0x0000001e       0x2c d:/program files (x86)/freescale/toolchain/bin/../lib/gcc/arm-none-eabi/4.8.4/armv6-m/crtbegin.o
 .ARM.attributes
                0x0000004a       0x1b d:/program files (x86)/freescale/toolchain/bin/../lib/gcc/arm-none-eabi/4.8.4/../../../../arm-none-eabi/lib/armv6-m/crt0.o
 .ARM.attributes
                0x00000065       0x32 ./utilities/fsl_debug_console.o
 .ARM.attributes
                0x00000097       0x1b ./startup/startup_MKL43Z4.o
 .ARM.attributes
                0x000000b2       0x32 ./startup/system_MKL43Z4.o
 .ARM.attributes
                0x000000e4       0x32 ./source/sf/sf.o
 .ARM.attributes
                0x00000116       0x32 ./source/sf/sf_setup.o
 .ARM.attributes
                0x00000148       0x32 ./source/aml/wait_aml/wait_aml.o
 .ARM.attributes
                0x0000017a       0x32 ./source/aml/spi_aml/spi_aml.o
 .ARM.attributes
                0x000001ac       0x32 ./source/main.o
 .ARM.attributes
                0x000001de       0x32 ./source/sf_cmd.o
 .ARM.attributes
                0x00000210       0x32 ./drivers/fsl_clock.o
 .ARM.attributes
                0x00000242       0x32 ./drivers/fsl_common.o
 .ARM.attributes
                0x00000274       0x32 ./drivers/fsl_dma.o
 .ARM.attributes
                0x000002a6       0x32 ./drivers/fsl_flexio.o
 .ARM.attributes
                0x000002d8       0x32 ./drivers/fsl_i2c.o
 .ARM.attributes
                0x0000030a       0x32 ./drivers/fsl_lpuart.o
 .ARM.attributes
                0x0000033c       0x32 ./drivers/fsl_sai.o
 .ARM.attributes
                0x0000036e       0x32 ./drivers/fsl_spi.o
 .ARM.attributes
                0x000003a0       0x32 ./drivers/fsl_uart.o
 .ARM.attributes
                0x000003d2       0x32 ./board/board.o
 .ARM.attributes
                0x00000404       0x32 ./board/clock_config.o
 .ARM.attributes
                0x00000436       0x32 ./board/pin_mux.o
 .ARM.attributes
                0x00000468       0x2c d:/program files (x86)/freescale/toolchain/bin/../lib/gcc/arm-none-eabi/4.8.4/../../../../arm-none-eabi/lib/armv6-m\libm.a(lib_a-s_modf.o)
 .ARM.attributes
                0x00000494       0x2c d:/program files (x86)/freescale/toolchain/bin/../lib/gcc/arm-none-eabi/4.8.4/../../../../arm-none-eabi/lib/armv6-m\libm.a(lib_a-w_pow.o)
 .ARM.attributes
                0x000004c0       0x2c d:/program files (x86)/freescale/toolchain/bin/../lib/gcc/arm-none-eabi/4.8.4/../../../../arm-none-eabi/lib/armv6-m\libm.a(lib_a-e_pow.o)
 .ARM.attributes
                0x000004ec       0x2c d:/program files (x86)/freescale/toolchain/bin/../lib/gcc/arm-none-eabi/4.8.4/../../../../arm-none-eabi/lib/armv6-m\libm.a(lib_a-e_sqrt.o)
 .ARM.attributes
                0x00000518       0x2c d:/program files (x86)/freescale/toolchain/bin/../lib/gcc/arm-none-eabi/4.8.4/../../../../arm-none-eabi/lib/armv6-m\libm.a(lib_a-s_fabs.o)
 .ARM.attributes
                0x00000544       0x2c d:/program files (x86)/freescale/toolchain/bin/../lib/gcc/arm-none-eabi/4.8.4/../../../../arm-none-eabi/lib/armv6-m\libm.a(lib_a-s_finite.o)
 .ARM.attributes
                0x00000570       0x2c d:/program files (x86)/freescale/toolchain/bin/../lib/gcc/arm-none-eabi/4.8.4/../../../../arm-none-eabi/lib/armv6-m\libm.a(lib_a-s_fpclassify.o)
 .ARM.attributes
                0x0000059c       0x2c d:/program files (x86)/freescale/toolchain/bin/../lib/gcc/arm-none-eabi/4.8.4/../../../../arm-none-eabi/lib/armv6-m\libm.a(lib_a-s_lib_ver.o)
 .ARM.attributes
                0x000005c8       0x2c d:/program files (x86)/freescale/toolchain/bin/../lib/gcc/arm-none-eabi/4.8.4/../../../../arm-none-eabi/lib/armv6-m\libm.a(lib_a-s_matherr.o)
 .ARM.attributes
                0x000005f4       0x2c d:/program files (x86)/freescale/toolchain/bin/../lib/gcc/arm-none-eabi/4.8.4/../../../../arm-none-eabi/lib/armv6-m\libm.a(lib_a-s_nan.o)
 .ARM.attributes
                0x00000620       0x2c d:/program files (x86)/freescale/toolchain/bin/../lib/gcc/arm-none-eabi/4.8.4/../../../../arm-none-eabi/lib/armv6-m\libm.a(lib_a-s_rint.o)
 .ARM.attributes
                0x0000064c       0x2c d:/program files (x86)/freescale/toolchain/bin/../lib/gcc/arm-none-eabi/4.8.4/../../../../arm-none-eabi/lib/armv6-m\libm.a(lib_a-s_scalbn.o)
 .ARM.attributes
                0x00000678       0x2c d:/program files (x86)/freescale/toolchain/bin/../lib/gcc/arm-none-eabi/4.8.4/../../../../arm-none-eabi/lib/armv6-m\libm.a(lib_a-s_copysign.o)
 .ARM.attributes
                0x000006a4       0x1e d:/program files (x86)/freescale/toolchain/bin/../lib/gcc/arm-none-eabi/4.8.4/armv6-m\libgcc.a(_udivsi3.o)
 .ARM.attributes
                0x000006c2       0x1e d:/program files (x86)/freescale/toolchain/bin/../lib/gcc/arm-none-eabi/4.8.4/armv6-m\libgcc.a(_divsi3.o)
 .ARM.attributes
                0x000006e0       0x1e d:/program files (x86)/freescale/toolchain/bin/../lib/gcc/arm-none-eabi/4.8.4/armv6-m\libgcc.a(_dvmd_tls.o)
 .ARM.attributes
                0x000006fe       0x1e d:/program files (x86)/freescale/toolchain/bin/../lib/gcc/arm-none-eabi/4.8.4/armv6-m\libgcc.a(_arm_cmpdf2.o)
 .ARM.attributes
                0x0000071c       0x1e d:/program files (x86)/freescale/toolchain/bin/../lib/gcc/arm-none-eabi/4.8.4/armv6-m\libgcc.a(_arm_cmpsf2.o)
 .ARM.attributes
                0x0000073a       0x1e d:/program files (x86)/freescale/toolchain/bin/../lib/gcc/arm-none-eabi/4.8.4/armv6-m\libgcc.a(_aeabi_ldivmod.o)
 .ARM.attributes
                0x00000758       0x1e d:/program files (x86)/freescale/toolchain/bin/../lib/gcc/arm-none-eabi/4.8.4/armv6-m\libgcc.a(_aeabi_uldivmod.o)
 .ARM.attributes
                0x00000776       0x2c d:/program files (x86)/freescale/toolchain/bin/../lib/gcc/arm-none-eabi/4.8.4/armv6-m\libgcc.a(_muldi3.o)
 .ARM.attributes
                0x000007a2       0x2c d:/program files (x86)/freescale/toolchain/bin/../lib/gcc/arm-none-eabi/4.8.4/armv6-m\libgcc.a(_fixdfdi.o)
 .ARM.attributes
                0x000007ce       0x2c d:/program files (x86)/freescale/toolchain/bin/../lib/gcc/arm-none-eabi/4.8.4/armv6-m\libgcc.a(_fixunsdfdi.o)
 .ARM.attributes
                0x000007fa       0x2c d:/program files (x86)/freescale/toolchain/bin/../lib/gcc/arm-none-eabi/4.8.4/armv6-m\libgcc.a(_floatdidf.o)
 .ARM.attributes
                0x00000826       0x2c d:/program files (x86)/freescale/toolchain/bin/../lib/gcc/arm-none-eabi/4.8.4/armv6-m\libgcc.a(bpabi.o)
 .ARM.attributes
                0x00000852       0x2c d:/program files (x86)/freescale/toolchain/bin/../lib/gcc/arm-none-eabi/4.8.4/armv6-m\libgcc.a(addsf3.o)
 .ARM.attributes
                0x0000087e       0x2c d:/program files (x86)/freescale/toolchain/bin/../lib/gcc/arm-none-eabi/4.8.4/armv6-m\libgcc.a(eqsf2.o)
 .ARM.attributes
                0x000008aa       0x2c d:/program files (x86)/freescale/toolchain/bin/../lib/gcc/arm-none-eabi/4.8.4/armv6-m\libgcc.a(gesf2.o)
 .ARM.attributes
                0x000008d6       0x2c d:/program files (x86)/freescale/toolchain/bin/../lib/gcc/arm-none-eabi/4.8.4/armv6-m\libgcc.a(lesf2.o)
 .ARM.attributes
                0x00000902       0x2c d:/program files (x86)/freescale/toolchain/bin/../lib/gcc/arm-none-eabi/4.8.4/armv6-m\libgcc.a(adddf3.o)
 .ARM.attributes
                0x0000092e       0x2c d:/program files (x86)/freescale/toolchain/bin/../lib/gcc/arm-none-eabi/4.8.4/armv6-m\libgcc.a(divdf3.o)
 .ARM.attributes
                0x0000095a       0x2c d:/program files (x86)/freescale/toolchain/bin/../lib/gcc/arm-none-eabi/4.8.4/armv6-m\libgcc.a(eqdf2.o)
 .ARM.attributes
                0x00000986       0x2c d:/program files (x86)/freescale/toolchain/bin/../lib/gcc/arm-none-eabi/4.8.4/armv6-m\libgcc.a(gedf2.o)
 .ARM.attributes
                0x000009b2       0x2c d:/program files (x86)/freescale/toolchain/bin/../lib/gcc/arm-none-eabi/4.8.4/armv6-m\libgcc.a(ledf2.o)
 .ARM.attributes
                0x000009de       0x2c d:/program files (x86)/freescale/toolchain/bin/../lib/gcc/arm-none-eabi/4.8.4/armv6-m\libgcc.a(muldf3.o)
 .ARM.attributes
                0x00000a0a       0x2c d:/program files (x86)/freescale/toolchain/bin/../lib/gcc/arm-none-eabi/4.8.4/armv6-m\libgcc.a(subdf3.o)
 .ARM.attributes
                0x00000a36       0x2c d:/program files (x86)/freescale/toolchain/bin/../lib/gcc/arm-none-eabi/4.8.4/armv6-m\libgcc.a(fixdfsi.o)
 .ARM.attributes
                0x00000a62       0x2c d:/program files (x86)/freescale/toolchain/bin/../lib/gcc/arm-none-eabi/4.8.4/armv6-m\libgcc.a(floatsidf.o)
 .ARM.attributes
                0x00000a8e       0x2c d:/program files (x86)/freescale/toolchain/bin/../lib/gcc/arm-none-eabi/4.8.4/armv6-m\libgcc.a(floatunsidf.o)
 .ARM.attributes
                0x00000aba       0x2c d:/program files (x86)/freescale/toolchain/bin/../lib/gcc/arm-none-eabi/4.8.4/armv6-m\libgcc.a(extendsfdf2.o)
 .ARM.attributes
                0x00000ae6       0x1e d:/program files (x86)/freescale/toolchain/bin/../lib/gcc/arm-none-eabi/4.8.4/armv6-m\libgcc.a(_clzsi2.o)
 .ARM.attributes
                0x00000b04       0x2c d:/program files (x86)/freescale/toolchain/bin/../lib/gcc/arm-none-eabi/4.8.4/armv6-m\libgcc.a(_fixunsdfsi.o)
 .ARM.attributes
                0x00000b30       0x2c d:/program files (x86)/freescale/toolchain/bin/../lib/gcc/arm-none-eabi/4.8.4/armv6-m\libgcc.a(_divdi3.o)
 .ARM.attributes
                0x00000b5c       0x2c d:/program files (x86)/freescale/toolchain/bin/../lib/gcc/arm-none-eabi/4.8.4/armv6-m\libgcc.a(_udivdi3.o)
 .ARM.attributes
                0x00000b88       0x2c d:/program files (x86)/freescale/toolchain/bin/../lib/gcc/arm-none-eabi/4.8.4/../../../../arm-none-eabi/lib/armv6-m\libg_s.a(lib_a-atoi.o)
 .ARM.attributes
                0x00000bb4       0x2c d:/program files (x86)/freescale/toolchain/bin/../lib/gcc/arm-none-eabi/4.8.4/../../../../arm-none-eabi/lib/armv6-m\libg_s.a(lib_a-ctype_.o)
 .ARM.attributes
                0x00000be0       0x2c d:/program files (x86)/freescale/toolchain/bin/../lib/gcc/arm-none-eabi/4.8.4/../../../../arm-none-eabi/lib/armv6-m\libg_s.a(lib_a-errno.o)
 .ARM.attributes
                0x00000c0c       0x2c d:/program files (x86)/freescale/toolchain/bin/../lib/gcc/arm-none-eabi/4.8.4/../../../../arm-none-eabi/lib/armv6-m\libg_s.a(lib_a-exit.o)
 .ARM.attributes
                0x00000c38       0x2c d:/program files (x86)/freescale/toolchain/bin/../lib/gcc/arm-none-eabi/4.8.4/../../../../arm-none-eabi/lib/armv6-m\libg_s.a(lib_a-impure.o)
 .ARM.attributes
                0x00000c64       0x2c d:/program files (x86)/freescale/toolchain/bin/../lib/gcc/arm-none-eabi/4.8.4/../../../../arm-none-eabi/lib/armv6-m\libg_s.a(lib_a-init.o)
 .ARM.attributes
                0x00000c90       0x2c d:/program files (x86)/freescale/toolchain/bin/../lib/gcc/arm-none-eabi/4.8.4/../../../../arm-none-eabi/lib/armv6-m\libg_s.a(lib_a-memcpy-stub.o)
 .ARM.attributes
                0x00000cbc       0x2c d:/program files (x86)/freescale/toolchain/bin/../lib/gcc/arm-none-eabi/4.8.4/../../../../arm-none-eabi/lib/armv6-m\libg_s.a(lib_a-memset.o)
 .ARM.attributes
                0x00000ce8       0x2c d:/program files (x86)/freescale/toolchain/bin/../lib/gcc/arm-none-eabi/4.8.4/../../../../arm-none-eabi/lib/armv6-m\libg_s.a(lib_a-strlen.o)
 .ARM.attributes
                0x00000d14       0x2c d:/program files (x86)/freescale/toolchain/bin/../lib/gcc/arm-none-eabi/4.8.4/../../../../arm-none-eabi/lib/armv6-m\libg_s.a(lib_a-strtol.o)
 .ARM.attributes
                0x00000d40       0x2c d:/program files (x86)/freescale/toolchain/bin/../lib/gcc/arm-none-eabi/4.8.4/../../../../arm-none-eabi/lib/armv6-m\libnosys.a(_exit.o)
 .ARM.attributes
                0x00000d6c       0x2c d:/program files (x86)/freescale/toolchain/bin/../lib/gcc/arm-none-eabi/4.8.4/armv6-m/crtend.o
 .ARM.attributes
                0x00000d98       0x1e d:/program files (x86)/freescale/toolchain/bin/../lib/gcc/arm-none-eabi/4.8.4/armv6-m/crtn.o
                0x00000001                ASSERT ((__StackLimit >= __HeapLimit), region m_data overflowed with stack and heap)
OUTPUT(FRDM_KL43_OL2385_ConsoleControl.elf elf32-littlearm)

.debug_info     0x00000000    0x12d8f
 .debug_info    0x00000000     0x10b0 ./utilities/fsl_debug_console.o
 .debug_info    0x000010b0       0x82 ./startup/startup_MKL43Z4.o
 .debug_info    0x00001132      0x430 ./startup/system_MKL43Z4.o
 .debug_info    0x00001562     0x1d4d ./source/sf/sf.o
 .debug_info    0x000032af      0xb86 ./source/sf/sf_setup.o
 .debug_info    0x00003e35      0x173 ./source/aml/wait_aml/wait_aml.o
 .debug_info    0x00003fa8     0x11f8 ./source/aml/spi_aml/spi_aml.o
 .debug_info    0x000051a0     0x10b7 ./source/main.o
 .debug_info    0x00006257     0x1858 ./source/sf_cmd.o
 .debug_info    0x00007aaf     0x114e ./drivers/fsl_clock.o
 .debug_info    0x00008bfd      0x378 ./drivers/fsl_common.o
 .debug_info    0x00008f75      0xffd ./drivers/fsl_dma.o
 .debug_info    0x00009f72      0xee1 ./drivers/fsl_flexio.o
 .debug_info    0x0000ae53     0x19d1 ./drivers/fsl_i2c.o
 .debug_info    0x0000c824     0x156a ./drivers/fsl_lpuart.o
 .debug_info    0x0000dd8e     0x17b1 ./drivers/fsl_sai.o
 .debug_info    0x0000f53f     0x13c7 ./drivers/fsl_spi.o
 .debug_info    0x00010906     0x15b0 ./drivers/fsl_uart.o
 .debug_info    0x00011eb6      0x351 ./board/board.o
 .debug_info    0x00012207      0x78d ./board/clock_config.o
 .debug_info    0x00012994      0x3fb ./board/pin_mux.o

.debug_abbrev   0x00000000     0x2ace
 .debug_abbrev  0x00000000      0x286 ./utilities/fsl_debug_console.o
 .debug_abbrev  0x00000286       0x14 ./startup/startup_MKL43Z4.o
 .debug_abbrev  0x0000029a      0x109 ./startup/system_MKL43Z4.o
 .debug_abbrev  0x000003a3      0x281 ./source/sf/sf.o
 .debug_abbrev  0x00000624      0x1d2 ./source/sf/sf_setup.o
 .debug_abbrev  0x000007f6       0x9d ./source/aml/wait_aml/wait_aml.o
 .debug_abbrev  0x00000893      0x260 ./source/aml/spi_aml/spi_aml.o
 .debug_abbrev  0x00000af3      0x290 ./source/main.o
 .debug_abbrev  0x00000d83      0x270 ./source/sf_cmd.o
 .debug_abbrev  0x00000ff3      0x292 ./drivers/fsl_clock.o
 .debug_abbrev  0x00001285      0x157 ./drivers/fsl_common.o
 .debug_abbrev  0x000013dc      0x269 ./drivers/fsl_dma.o
 .debug_abbrev  0x00001645      0x207 ./drivers/fsl_flexio.o
 .debug_abbrev  0x0000184c      0x2f9 ./drivers/fsl_i2c.o
 .debug_abbrev  0x00001b45      0x358 ./drivers/fsl_lpuart.o
 .debug_abbrev  0x00001e9d      0x275 ./drivers/fsl_sai.o
 .debug_abbrev  0x00002112      0x26a ./drivers/fsl_spi.o
 .debug_abbrev  0x0000237c      0x38a ./drivers/fsl_uart.o
 .debug_abbrev  0x00002706      0x109 ./board/board.o
 .debug_abbrev  0x0000280f      0x196 ./board/clock_config.o
 .debug_abbrev  0x000029a5      0x129 ./board/pin_mux.o

.debug_aranges  0x00000000      0xe28
 .debug_aranges
                0x00000000       0xa8 ./utilities/fsl_debug_console.o
 .debug_aranges
                0x000000a8       0x20 ./startup/startup_MKL43Z4.o
 .debug_aranges
                0x000000c8       0x28 ./startup/system_MKL43Z4.o
 .debug_aranges
                0x000000f0      0x138 ./source/sf/sf.o
 .debug_aranges
                0x00000228       0x50 ./source/sf/sf_setup.o
 .debug_aranges
                0x00000278       0x38 ./source/aml/wait_aml/wait_aml.o
 .debug_aranges
                0x000002b0       0xb0 ./source/aml/spi_aml/spi_aml.o
 .debug_aranges
                0x00000360       0x50 ./source/main.o
 .debug_aranges
                0x000003b0      0x138 ./source/sf_cmd.o
 .debug_aranges
                0x000004e8       0xd0 ./drivers/fsl_clock.o
 .debug_aranges
                0x000005b8       0x28 ./drivers/fsl_common.o
 .debug_aranges
                0x000005e0       0xd0 ./drivers/fsl_dma.o
 .debug_aranges
                0x000006b0       0x98 ./drivers/fsl_flexio.o
 .debug_aranges
                0x00000748      0x170 ./drivers/fsl_i2c.o
 .debug_aranges
                0x000008b8      0x140 ./drivers/fsl_lpuart.o
 .debug_aranges
                0x000009f8      0x150 ./drivers/fsl_sai.o
 .debug_aranges
                0x00000b48      0x118 ./drivers/fsl_spi.o
 .debug_aranges
                0x00000c60      0x130 ./drivers/fsl_uart.o
 .debug_aranges
                0x00000d90       0x28 ./board/board.o
 .debug_aranges
                0x00000db8       0x40 ./board/clock_config.o
 .debug_aranges
                0x00000df8       0x30 ./board/pin_mux.o

.debug_ranges   0x00000000      0xcc8
 .debug_ranges  0x00000000       0x98 ./utilities/fsl_debug_console.o
 .debug_ranges  0x00000098       0x18 ./startup/system_MKL43Z4.o
 .debug_ranges  0x000000b0      0x128 ./source/sf/sf.o
 .debug_ranges  0x000001d8       0x40 ./source/sf/sf_setup.o
 .debug_ranges  0x00000218       0x28 ./source/aml/wait_aml/wait_aml.o
 .debug_ranges  0x00000240       0xa0 ./source/aml/spi_aml/spi_aml.o
 .debug_ranges  0x000002e0       0x40 ./source/main.o
 .debug_ranges  0x00000320      0x128 ./source/sf_cmd.o
 .debug_ranges  0x00000448       0xc0 ./drivers/fsl_clock.o
 .debug_ranges  0x00000508       0x18 ./drivers/fsl_common.o
 .debug_ranges  0x00000520       0xc0 ./drivers/fsl_dma.o
 .debug_ranges  0x000005e0       0x88 ./drivers/fsl_flexio.o
 .debug_ranges  0x00000668      0x160 ./drivers/fsl_i2c.o
 .debug_ranges  0x000007c8      0x130 ./drivers/fsl_lpuart.o
 .debug_ranges  0x000008f8      0x140 ./drivers/fsl_sai.o
 .debug_ranges  0x00000a38      0x108 ./drivers/fsl_spi.o
 .debug_ranges  0x00000b40      0x120 ./drivers/fsl_uart.o
 .debug_ranges  0x00000c60       0x18 ./board/board.o
 .debug_ranges  0x00000c78       0x30 ./board/clock_config.o
 .debug_ranges  0x00000ca8       0x20 ./board/pin_mux.o

.debug_macro    0x00000000     0xe76d
 .debug_macro   0x00000000      0x1fb ./utilities/fsl_debug_console.o
 .debug_macro   0x000001fb      0x80e ./utilities/fsl_debug_console.o
 .debug_macro   0x00000a09       0x58 ./utilities/fsl_debug_console.o
 .debug_macro   0x00000a61       0x58 ./utilities/fsl_debug_console.o
 .debug_macro   0x00000ab9       0x16 ./utilities/fsl_debug_console.o
 .debug_macro   0x00000acf       0x35 ./utilities/fsl_debug_console.o
 .debug_macro   0x00000b04       0xa3 ./utilities/fsl_debug_console.o
 .debug_macro   0x00000ba7       0x16 ./utilities/fsl_debug_console.o
 .debug_macro   0x00000bbd      0x10e ./utilities/fsl_debug_console.o
 .debug_macro   0x00000ccb       0x7f ./utilities/fsl_debug_console.o
 .debug_macro   0x00000d4a       0x4a ./utilities/fsl_debug_console.o
 .debug_macro   0x00000d94       0x52 ./utilities/fsl_debug_console.o
 .debug_macro   0x00000de6       0x16 ./utilities/fsl_debug_console.o
 .debug_macro   0x00000dfc       0x43 ./utilities/fsl_debug_console.o
 .debug_macro   0x00000e3f      0x180 ./utilities/fsl_debug_console.o
 .debug_macro   0x00000fbf       0x16 ./utilities/fsl_debug_console.o
 .debug_macro   0x00000fd5       0x29 ./utilities/fsl_debug_console.o
 .debug_macro   0x00000ffe      0x1e1 ./utilities/fsl_debug_console.o
 .debug_macro   0x000011df       0x16 ./utilities/fsl_debug_console.o
 .debug_macro   0x000011f5       0x22 ./utilities/fsl_debug_console.o
 .debug_macro   0x00001217      0x20f ./utilities/fsl_debug_console.o
 .debug_macro   0x00001426      0x2a6 ./utilities/fsl_debug_console.o
 .debug_macro   0x000016cc       0x10 ./utilities/fsl_debug_console.o
 .debug_macro   0x000016dc       0x35 ./utilities/fsl_debug_console.o
 .debug_macro   0x00001711       0x1f ./utilities/fsl_debug_console.o
 .debug_macro   0x00001730       0x10 ./utilities/fsl_debug_console.o
 .debug_macro   0x00001740       0x3f ./utilities/fsl_debug_console.o
 .debug_macro   0x0000177f       0x3a ./utilities/fsl_debug_console.o
 .debug_macro   0x000017b9       0x26 ./utilities/fsl_debug_console.o
 .debug_macro   0x000017df      0x329 ./utilities/fsl_debug_console.o
 .debug_macro   0x00001b08       0x3c ./utilities/fsl_debug_console.o
 .debug_macro   0x00001b44     0x8d77 ./utilities/fsl_debug_console.o
 .debug_macro   0x0000a8bb     0x1323 ./utilities/fsl_debug_console.o
 .debug_macro   0x0000bbde       0x2e ./utilities/fsl_debug_console.o
 .debug_macro   0x0000bc0c       0x10 ./utilities/fsl_debug_console.o
 .debug_macro   0x0000bc1c       0xef ./utilities/fsl_debug_console.o
 .debug_macro   0x0000bd0b       0x35 ./utilities/fsl_debug_console.o
 .debug_macro   0x0000bd40       0x3a ./utilities/fsl_debug_console.o
 .debug_macro   0x0000bd7a       0x10 ./utilities/fsl_debug_console.o
 .debug_macro   0x0000bd8a       0x9a ./startup/system_MKL43Z4.o
 .debug_macro   0x0000be24       0x44 ./startup/system_MKL43Z4.o
 .debug_macro   0x0000be68      0x262 ./source/sf/sf.o
 .debug_macro   0x0000c0ca       0x1c ./source/sf/sf.o
 .debug_macro   0x0000c0e6       0x16 ./source/sf/sf.o
 .debug_macro   0x0000c0fc       0x16 ./source/sf/sf.o
 .debug_macro   0x0000c112       0x10 ./source/sf/sf.o
 .debug_macro   0x0000c122      0x57b ./source/sf/sf.o
 .debug_macro   0x0000c69d       0x22 ./source/sf/sf.o
 .debug_macro   0x0000c6bf      0x1f3 ./source/sf/sf_setup.o
 .debug_macro   0x0000c8b2      0x1b6 ./source/aml/wait_aml/wait_aml.o
 .debug_macro   0x0000ca68      0x1e1 ./source/aml/spi_aml/spi_aml.o
 .debug_macro   0x0000cc49      0x25a ./source/main.o
 .debug_macro   0x0000cea3       0x16 ./source/main.o
 .debug_macro   0x0000ceb9      0x14b ./source/main.o
 .debug_macro   0x0000d004       0x3a ./source/main.o
 .debug_macro   0x0000d03e       0x40 ./source/main.o
 .debug_macro   0x0000d07e       0x10 ./source/main.o
 .debug_macro   0x0000d08e       0x1c ./source/main.o
 .debug_macro   0x0000d0aa      0x25d ./source/sf_cmd.o
 .debug_macro   0x0000d307       0xac ./source/sf_cmd.o
 .debug_macro   0x0000d3b3      0x1bb ./drivers/fsl_clock.o
 .debug_macro   0x0000d56e      0x192 ./drivers/fsl_common.o
 .debug_macro   0x0000d700      0x18f ./drivers/fsl_dma.o
 .debug_macro   0x0000d88f      0x194 ./drivers/fsl_flexio.o
 .debug_macro   0x0000da23       0x1c ./drivers/fsl_flexio.o
 .debug_macro   0x0000da3f      0x18e ./drivers/fsl_i2c.o
 .debug_macro   0x0000dbcd       0x10 ./drivers/fsl_i2c.o
 .debug_macro   0x0000dbdd      0x18f ./drivers/fsl_lpuart.o
 .debug_macro   0x0000dd6c      0x18e ./drivers/fsl_sai.o
 .debug_macro   0x0000defa       0x11 ./drivers/fsl_sai.o
 .debug_macro   0x0000df0b      0x18e ./drivers/fsl_spi.o
 .debug_macro   0x0000e099       0x10 ./drivers/fsl_spi.o
 .debug_macro   0x0000e0a9      0x195 ./drivers/fsl_uart.o
 .debug_macro   0x0000e23e      0x1c0 ./board/board.o
 .debug_macro   0x0000e3fe      0x19c ./board/clock_config.o
 .debug_macro   0x0000e59a      0x1c3 ./board/pin_mux.o
 .debug_macro   0x0000e75d       0x10 ./board/pin_mux.o

.debug_line     0x00000000     0x83a7
 .debug_line    0x00000000      0x9ae ./utilities/fsl_debug_console.o
 .debug_line    0x000009ae       0xcc ./startup/startup_MKL43Z4.o
 .debug_line    0x00000a7a      0x260 ./startup/system_MKL43Z4.o
 .debug_line    0x00000cda      0xb58 ./source/sf/sf.o
 .debug_line    0x00001832      0x4cc ./source/sf/sf_setup.o
 .debug_line    0x00001cfe      0x411 ./source/aml/wait_aml/wait_aml.o
 .debug_line    0x0000210f      0x61b ./source/aml/spi_aml/spi_aml.o
 .debug_line    0x0000272a      0x5d8 ./source/main.o
 .debug_line    0x00002d02      0xa25 ./source/sf_cmd.o
 .debug_line    0x00003727      0x5f8 ./drivers/fsl_clock.o
 .debug_line    0x00003d1f      0x3cb ./drivers/fsl_common.o
 .debug_line    0x000040ea      0x630 ./drivers/fsl_dma.o
 .debug_line    0x0000471a      0x553 ./drivers/fsl_flexio.o
 .debug_line    0x00004c6d      0xa8d ./drivers/fsl_i2c.o
 .debug_line    0x000056fa      0x863 ./drivers/fsl_lpuart.o
 .debug_line    0x00005f5d      0x8de ./drivers/fsl_sai.o
 .debug_line    0x0000683b      0x7e8 ./drivers/fsl_spi.o
 .debug_line    0x00007023      0x7dc ./drivers/fsl_uart.o
 .debug_line    0x000077ff      0x3cf ./board/board.o
 .debug_line    0x00007bce      0x3f1 ./board/clock_config.o
 .debug_line    0x00007fbf      0x3e8 ./board/pin_mux.o

.debug_str      0x00000000    0x59dd6
 .debug_str     0x00000000    0x4f227 ./utilities/fsl_debug_console.o
                              0x4f683 (size before relaxing)
 .debug_str     0x0004f227      0x17e ./startup/system_MKL43Z4.o
                              0x4af5e (size before relaxing)
 .debug_str     0x0004f3a5     0x3bab ./source/sf/sf.o
                              0x51cbd (size before relaxing)
 .debug_str     0x00052f50      0x545 ./source/sf/sf_setup.o
                              0x4ebd7 (size before relaxing)
 .debug_str     0x00053495       0x74 ./source/aml/wait_aml/wait_aml.o
                              0x4df21 (size before relaxing)
 .debug_str     0x00053509      0x3df ./source/aml/spi_aml/spi_aml.o
                              0x4eef6 (size before relaxing)
 .debug_str     0x000538e8      0xc91 ./source/main.o
                              0x52323 (size before relaxing)
 .debug_str     0x00054579      0x739 ./source/sf_cmd.o
                              0x51dcd (size before relaxing)
 .debug_str     0x00054cb2      0xbdf ./drivers/fsl_clock.o
                              0x4eeec (size before relaxing)
 .debug_str     0x00055891       0xe4 ./drivers/fsl_common.o
                              0x4e028 (size before relaxing)
 .debug_str     0x00055975      0x75e ./drivers/fsl_dma.o
                              0x4ec41 (size before relaxing)
 .debug_str     0x000560d3     0x1294 ./drivers/fsl_flexio.o
                              0x4f5a9 (size before relaxing)
 .debug_str     0x00057367      0xbbf ./drivers/fsl_i2c.o
                              0x4f129 (size before relaxing)
 .debug_str     0x00057f26      0xa15 ./drivers/fsl_lpuart.o
                              0x4f0cc (size before relaxing)
 .debug_str     0x0005893b      0x914 ./drivers/fsl_sai.o
                              0x4ee9b (size before relaxing)
 .debug_str     0x0005924f      0x3e1 ./drivers/fsl_spi.o
                              0x4ee2d (size before relaxing)
 .debug_str     0x00059630      0x35a ./drivers/fsl_uart.o
                              0x4efa1 (size before relaxing)
 .debug_str     0x0005998a       0x4d ./board/board.o
                              0x4e774 (size before relaxing)
 .debug_str     0x000599d7      0x2fd ./board/clock_config.o
                              0x4e6bf (size before relaxing)
 .debug_str     0x00059cd4      0x102 ./board/pin_mux.o
                              0x4ea68 (size before relaxing)

.comment        0x00000000       0x70
 .comment       0x00000000       0x70 ./utilities/fsl_debug_console.o
                                 0x71 (size before relaxing)
 .comment       0x00000000       0x71 ./startup/system_MKL43Z4.o
 .comment       0x00000000       0x71 ./source/sf/sf.o
 .comment       0x00000000       0x71 ./source/sf/sf_setup.o
 .comment       0x00000000       0x71 ./source/aml/wait_aml/wait_aml.o
 .comment       0x00000000       0x71 ./source/aml/spi_aml/spi_aml.o
 .comment       0x00000000       0x71 ./source/main.o
 .comment       0x00000000       0x71 ./source/sf_cmd.o
 .comment       0x00000000       0x71 ./drivers/fsl_clock.o
 .comment       0x00000000       0x71 ./drivers/fsl_common.o
 .comment       0x00000000       0x71 ./drivers/fsl_dma.o
 .comment       0x00000000       0x71 ./drivers/fsl_flexio.o
 .comment       0x00000000       0x71 ./drivers/fsl_i2c.o
 .comment       0x00000000       0x71 ./drivers/fsl_lpuart.o
 .comment       0x00000000       0x71 ./drivers/fsl_sai.o
 .comment       0x00000000       0x71 ./drivers/fsl_spi.o
 .comment       0x00000000       0x71 ./drivers/fsl_uart.o
 .comment       0x00000000       0x71 ./board/board.o
 .comment       0x00000000       0x71 ./board/clock_config.o
 .comment       0x00000000       0x71 ./board/pin_mux.o

.debug_frame    0x00000000     0x3a18
 .debug_frame   0x00000000      0x25c ./utilities/fsl_debug_console.o
 .debug_frame   0x0000025c       0x4c ./startup/system_MKL43Z4.o
 .debug_frame   0x000002a8      0x494 ./source/sf/sf.o
 .debug_frame   0x0000073c       0xf0 ./source/sf/sf_setup.o
 .debug_frame   0x0000082c       0x90 ./source/aml/wait_aml/wait_aml.o
 .debug_frame   0x000008bc      0x270 ./source/aml/spi_aml/spi_aml.o
 .debug_frame   0x00000b2c       0xf4 ./source/main.o
 .debug_frame   0x00000c20      0x48c ./source/sf_cmd.o
 .debug_frame   0x000010ac      0x2d8 ./drivers/fsl_clock.o
 .debug_frame   0x00001384       0x50 ./drivers/fsl_common.o
 .debug_frame   0x000013d4      0x2e0 ./drivers/fsl_dma.o
 .debug_frame   0x000016b4      0x204 ./drivers/fsl_flexio.o
 .debug_frame   0x000018b8      0x568 ./drivers/fsl_i2c.o
 .debug_frame   0x00001e20      0x4a0 ./drivers/fsl_lpuart.o
 .debug_frame   0x000022c0      0x4ec ./drivers/fsl_sai.o
 .debug_frame   0x000027ac      0x408 ./drivers/fsl_spi.o
 .debug_frame   0x00002bb4      0x468 ./drivers/fsl_uart.o
 .debug_frame   0x0000301c       0x50 ./board/board.o
 .debug_frame   0x0000306c       0xa4 ./board/clock_config.o
 .debug_frame   0x00003110       0x6c ./board/pin_mux.o
 .debug_frame   0x0000317c       0x30 d:/program files (x86)/freescale/toolchain/bin/../lib/gcc/arm-none-eabi/4.8.4/../../../../arm-none-eabi/lib/armv6-m\libm.a(lib_a-s_modf.o)
 .debug_frame   0x000031ac       0x38 d:/program files (x86)/freescale/toolchain/bin/../lib/gcc/arm-none-eabi/4.8.4/../../../../arm-none-eabi/lib/armv6-m\libm.a(lib_a-w_pow.o)
 .debug_frame   0x000031e4       0x3c d:/program files (x86)/freescale/toolchain/bin/../lib/gcc/arm-none-eabi/4.8.4/../../../../arm-none-eabi/lib/armv6-m\libm.a(lib_a-e_pow.o)
 .debug_frame   0x00003220       0x3c d:/program files (x86)/freescale/toolchain/bin/../lib/gcc/arm-none-eabi/4.8.4/../../../../arm-none-eabi/lib/armv6-m\libm.a(lib_a-e_sqrt.o)
 .debug_frame   0x0000325c       0x20 d:/program files (x86)/freescale/toolchain/bin/../lib/gcc/arm-none-eabi/4.8.4/../../../../arm-none-eabi/lib/armv6-m\libm.a(lib_a-s_fabs.o)
 .debug_frame   0x0000327c       0x20 d:/program files (x86)/freescale/toolchain/bin/../lib/gcc/arm-none-eabi/4.8.4/../../../../arm-none-eabi/lib/armv6-m\libm.a(lib_a-s_finite.o)
 .debug_frame   0x0000329c       0x2c d:/program files (x86)/freescale/toolchain/bin/../lib/gcc/arm-none-eabi/4.8.4/../../../../arm-none-eabi/lib/armv6-m\libm.a(lib_a-s_fpclassify.o)
 .debug_frame   0x000032c8       0x20 d:/program files (x86)/freescale/toolchain/bin/../lib/gcc/arm-none-eabi/4.8.4/../../../../arm-none-eabi/lib/armv6-m\libm.a(lib_a-s_matherr.o)
 .debug_frame   0x000032e8       0x20 d:/program files (x86)/freescale/toolchain/bin/../lib/gcc/arm-none-eabi/4.8.4/../../../../arm-none-eabi/lib/armv6-m\libm.a(lib_a-s_nan.o)
 .debug_frame   0x00003308       0x38 d:/program files (x86)/freescale/toolchain/bin/../lib/gcc/arm-none-eabi/4.8.4/../../../../arm-none-eabi/lib/armv6-m\libm.a(lib_a-s_rint.o)
 .debug_frame   0x00003340       0x30 d:/program files (x86)/freescale/toolchain/bin/../lib/gcc/arm-none-eabi/4.8.4/../../../../arm-none-eabi/lib/armv6-m\libm.a(lib_a-s_scalbn.o)
 .debug_frame   0x00003370       0x2c d:/program files (x86)/freescale/toolchain/bin/../lib/gcc/arm-none-eabi/4.8.4/../../../../arm-none-eabi/lib/armv6-m\libm.a(lib_a-s_copysign.o)
 .debug_frame   0x0000339c       0x20 d:/program files (x86)/freescale/toolchain/bin/../lib/gcc/arm-none-eabi/4.8.4/armv6-m\libgcc.a(_udivsi3.o)
 .debug_frame   0x000033bc       0x20 d:/program files (x86)/freescale/toolchain/bin/../lib/gcc/arm-none-eabi/4.8.4/armv6-m\libgcc.a(_divsi3.o)
 .debug_frame   0x000033dc       0x30 d:/program files (x86)/freescale/toolchain/bin/../lib/gcc/arm-none-eabi/4.8.4/armv6-m\libgcc.a(_muldi3.o)
 .debug_frame   0x0000340c       0x2c d:/program files (x86)/freescale/toolchain/bin/../lib/gcc/arm-none-eabi/4.8.4/armv6-m\libgcc.a(_fixdfdi.o)
 .debug_frame   0x00003438       0x2c d:/program files (x86)/freescale/toolchain/bin/../lib/gcc/arm-none-eabi/4.8.4/armv6-m\libgcc.a(_fixunsdfdi.o)
 .debug_frame   0x00003464       0x2c d:/program files (x86)/freescale/toolchain/bin/../lib/gcc/arm-none-eabi/4.8.4/armv6-m\libgcc.a(_floatdidf.o)
 .debug_frame   0x00003490       0x50 d:/program files (x86)/freescale/toolchain/bin/../lib/gcc/arm-none-eabi/4.8.4/armv6-m\libgcc.a(bpabi.o)
 .debug_frame   0x000034e0       0x30 d:/program files (x86)/freescale/toolchain/bin/../lib/gcc/arm-none-eabi/4.8.4/armv6-m\libgcc.a(addsf3.o)
 .debug_frame   0x00003510       0x2c d:/program files (x86)/freescale/toolchain/bin/../lib/gcc/arm-none-eabi/4.8.4/armv6-m\libgcc.a(eqsf2.o)