10:04:12 **** Incremental Build of configuration Debug for project FRDM_KL43_OL2385_ConsoleControl ****
make -j4 all 
Building file: ../source/main.c
Invoking: Cross ARM C Compiler
arm-none-eabi-gcc -mcpu=cortex-m0plus -mthumb -O0 -fmessage-length=0 -fsigned-char -ffunction-sections -fdata-sections -Wall  -g3 -D"CPU_MKL43Z256VMP4" -I../startup -I../source -I../board -I../utilities -I../CMSIS -I../drivers -std=gnu99 -MMD -MP -MF"source/main.d" -MT"source/main.o" -c -o "source/main.o" "../source/main.c"
In file included from ../source/sf/sf.h:46:0,
                 from ../source/main.c:51:
../source/sf/sf_model.h:68:9: note: #pragma message: Model OL2385 is selected.
 #pragma message("Model OL2385 is selected.")
         ^
Finished building: ../source/main.c
 
Building target: FRDM_KL43_OL2385_ConsoleControl.elf
Invoking: Cross ARM C++ Linker
arm-none-eabi-g++ -mcpu=cortex-m0plus -mthumb -O0 -fmessage-length=0 -fsigned-char -ffunction-sections -fdata-sections -Wall  -g3 -T "../MKL43Z256xxx4_flash.ld" -Xlinker --gc-sections -Wl,-Map,"FRDM_KL43_OL2385_ConsoleControl.map" -specs=nosys.specs -specs=nano.specs -Xlinker -z -Xlinker muldefs -o "FRDM_KL43_OL2385_ConsoleControl.elf"  ./utilities/fsl_debug_console.o ./utilities/fsl_notifier.o ./utilities/fsl_sbrk.o  ./startup/startup_MKL43Z4.o ./startup/system_MKL43Z4.o  ./source/sf/sf.o ./source/sf/sf_setup.o  ./source/aml/wait_aml/wait_aml.o  ./source/aml/spi_aml/spi_aml.o  ./source/main.o ./source/sf_cmd.o  ./drivers/fsl_adc16.o ./drivers/fsl_clock.o ./drivers/fsl_cmp.o ./drivers/fsl_common.o ./drivers/fsl_cop.o ./drivers/fsl_dac.o ./drivers/fsl_dma.o ./drivers/fsl_dmamux.o ./drivers/fsl_flash.o ./drivers/fsl_flexio.o ./drivers/fsl_flexio_i2c_master.o ./drivers/fsl_flexio_i2s.o ./drivers/fsl_flexio_i2s_dma.o ./drivers/fsl_flexio_spi.o ./drivers/fsl_flexio_spi_dma.o ./drivers/fsl_flexio_uart.o ./drivers/fsl_flexio_uart_dma.o ./drivers/fsl_gpio.o ./drivers/fsl_i2c.o ./drivers/fsl_i2c_dma.o ./drivers/fsl_llwu.o ./drivers/fsl_lptmr.o ./drivers/fsl_lpuart.o ./drivers/fsl_lpuart_dma.o ./drivers/fsl_pit.o ./drivers/fsl_pmc.o ./drivers/fsl_rcm.o ./drivers/fsl_rtc.o ./drivers/fsl_sai.o ./drivers/fsl_sai_dma.o ./drivers/fsl_sim.o ./drivers/fsl_slcd.o ./drivers/fsl_smc.o ./drivers/fsl_spi.o ./drivers/fsl_spi_dma.o ./drivers/fsl_tpm.o ./drivers/fsl_uart.o ./drivers/fsl_uart_dma.o ./drivers/fsl_vref.o  ./board/board.o ./board/clock_config.o ./board/pin_mux.o   
d:/program files (x86)/freescale/toolchain/bin/../lib/gcc/arm-none-eabi/4.8.4/../../../../arm-none-eabi/bin/ld.exe: Warning: size of symbol `s_dummyData' changed from 2 in ./drivers/fsl_flexio_spi_dma.o to 1 in ./drivers/fsl_spi_dma.o
Finished building target: FRDM_KL43_OL2385_ConsoleControl.elf
 
Invoking: Cross ARM GNU Create Flash Image
Invoking: Cross ARM GNU Print Size
arm-none-eabi-objcopy -O ihex "FRDM_KL43_OL2385_ConsoleControl.elf"  "FRDM_KL43_OL2385_ConsoleControl.hex"
arm-none-eabi-size --format=berkeley "FRDM_KL43_OL2385_ConsoleControl.elf"
   text	   data	    bss	    dec	    hex	filename
  56184	    224	   4424	  60832	   eda0	FRDM_KL43_OL2385_ConsoleControl.elf
Finished building: FRDM_KL43_OL2385_ConsoleControl.siz
Finished building: FRDM_KL43_OL2385_ConsoleControl.hex
 
 
10:04:16 **** Incremental Build of configuration Debug for project FRDM_KL43_OL2385_ConsoleControl ****
make -j4 all 
Invoking: Cross ARM GNU Print Size
arm-none-eabi-size --format=berkeley "FRDM_KL43_OL2385_ConsoleControl.elf"
   text	   data	    bss	    dec	    hex	filename
  56184	    224	   4424	  60832	   eda0	FRDM_KL43_OL2385_ConsoleControl.elf
Finished building: FRDM_KL43_OL2385_ConsoleControl.siz
 
10:04:27 **** Incremental Build of configuration Debug for project FRDM_KL43_OL2385_ConsoleControl ****
make -j4 all 
Invoking: Cross ARM GNU Print Size
arm-none-eabi-size --format=berkeley "FRDM_KL43_OL2385_ConsoleControl.elf"
   text	   data	    bss	    dec	    hex	filename
  56184	    224	   4424	  60832	   eda0	FRDM_KL43_OL2385_ConsoleControl.elf
Finished building: FRDM_KL43_OL2385_ConsoleControl.siz
 
10:05:58 **** Incremental Build of configuration Debug for project FRDM_KL43_OL2385_ConsoleControl ****
make -j4 all 
Invoking: Cross ARM GNU Print Size
arm-none-eabi-size --format=berkeley "FRDM_KL43_OL2385_ConsoleControl.elf"
   text	   data	    bss	    dec	    hex	filename
  56184	    224	   4424	  60832	   eda0	FRDM_KL43_OL2385_ConsoleControl.elf
Finished building: FRDM_KL43_OL2385_ConsoleControl.siz
 
